Archive member included to satisfy reference by file (symbol)

/home/saeed/toolchain/gcc6/installNative/lib/gcc/arm-none-eabi/6.3.0/libgcc.a(_arm_addsubdf3.o)
                              build/common/src/lsprintf.o (__aeabi_dsub)
/home/saeed/toolchain/gcc6/installNative/lib/gcc/arm-none-eabi/6.3.0/libgcc.a(_arm_muldivdf3.o)
                              build/common/src/lsprintf.o (__aeabi_dmul)
/home/saeed/toolchain/gcc6/installNative/lib/gcc/arm-none-eabi/6.3.0/libgcc.a(_arm_cmpdf2.o)
                              build/common/src/lsprintf.o (__aeabi_dcmpeq)
/home/saeed/toolchain/gcc6/installNative/lib/gcc/arm-none-eabi/6.3.0/libgcc.a(_arm_fixdfsi.o)
                              build/common/src/lsprintf.o (__aeabi_d2iz)
/home/saeed/toolchain/gcc6/installNative/lib/gcc/arm-none-eabi/6.3.0/libgcc.a(_arm_fixunsdfsi.o)
                              build/common/src/lsprintf.o (__aeabi_d2uiz)
/home/saeed/toolchain/gcc6/installNative/lib/gcc/arm-none-eabi/6.3.0/libgcc.a(_aeabi_uldivmod.o)
                              build/common/src/lsprintf.o (__aeabi_uldivmod)
/home/saeed/toolchain/gcc6/installNative/lib/gcc/arm-none-eabi/6.3.0/libgcc.a(_udivmoddi4.o)
                              /home/saeed/toolchain/gcc6/installNative/lib/gcc/arm-none-eabi/6.3.0/libgcc.a(_aeabi_uldivmod.o) (__udivmoddi4)
/home/saeed/toolchain/gcc6/installNative/lib/gcc/arm-none-eabi/6.3.0/libgcc.a(_dvmd_tls.o)
                              /home/saeed/toolchain/gcc6/installNative/lib/gcc/arm-none-eabi/6.3.0/libgcc.a(_aeabi_uldivmod.o) (__aeabi_ldiv0)
/home/saeed/toolchain/gcc6/installNative/lib/gcc/arm-none-eabi/6.3.0/libgcc.a(_clzdi2.o)
                              /home/saeed/toolchain/gcc6/installNative/lib/gcc/arm-none-eabi/6.3.0/libgcc.a(_udivmoddi4.o) (__clzdi2)
/home/saeed/toolchain/gcc6/installNative/lib/gcc/arm-none-eabi/6.3.0/libgcc.a(_clzsi2.o)
                              /home/saeed/toolchain/gcc6/installNative/lib/gcc/arm-none-eabi/6.3.0/libgcc.a(_clzdi2.o) (__clzsi2)
/home/saeed/toolchain/gcc6/installNative/lib/gcc/arm-none-eabi/6.3.0/../../../../arm-none-eabi/lib/libc.a(lib_a-atexit.o)
                              /home/saeed/toolchain/gcc6/installNative/lib/gcc/arm-none-eabi/6.3.0/../../../../arm-none-eabi/lib/crt0.o (atexit)
/home/saeed/toolchain/gcc6/installNative/lib/gcc/arm-none-eabi/6.3.0/../../../../arm-none-eabi/lib/libc.a(lib_a-exit.o)
                              /home/saeed/toolchain/gcc6/installNative/lib/gcc/arm-none-eabi/6.3.0/../../../../arm-none-eabi/lib/crt0.o (exit)
/home/saeed/toolchain/gcc6/installNative/lib/gcc/arm-none-eabi/6.3.0/../../../../arm-none-eabi/lib/libc.a(lib_a-fini.o)
                              /home/saeed/toolchain/gcc6/installNative/lib/gcc/arm-none-eabi/6.3.0/../../../../arm-none-eabi/lib/crt0.o (__libc_fini_array)
/home/saeed/toolchain/gcc6/installNative/lib/gcc/arm-none-eabi/6.3.0/../../../../arm-none-eabi/lib/libc.a(lib_a-impure.o)
                              /home/saeed/toolchain/gcc6/installNative/lib/gcc/arm-none-eabi/6.3.0/../../../../arm-none-eabi/lib/libc.a(lib_a-exit.o) (_global_impure_ptr)
/home/saeed/toolchain/gcc6/installNative/lib/gcc/arm-none-eabi/6.3.0/../../../../arm-none-eabi/lib/libc.a(lib_a-init.o)
                              /home/saeed/toolchain/gcc6/installNative/lib/gcc/arm-none-eabi/6.3.0/../../../../arm-none-eabi/lib/crt0.o (__libc_init_array)
/home/saeed/toolchain/gcc6/installNative/lib/gcc/arm-none-eabi/6.3.0/../../../../arm-none-eabi/lib/libc.a(lib_a-memset.o)
                              /home/saeed/toolchain/gcc6/installNative/lib/gcc/arm-none-eabi/6.3.0/../../../../arm-none-eabi/lib/crt0.o (memset)
/home/saeed/toolchain/gcc6/installNative/lib/gcc/arm-none-eabi/6.3.0/../../../../arm-none-eabi/lib/libc.a(lib_a-__atexit.o)
                              /home/saeed/toolchain/gcc6/installNative/lib/gcc/arm-none-eabi/6.3.0/../../../../arm-none-eabi/lib/libc.a(lib_a-atexit.o) (__register_exitproc)
/home/saeed/toolchain/gcc6/installNative/lib/gcc/arm-none-eabi/6.3.0/../../../../arm-none-eabi/lib/libc.a(lib_a-__call_atexit.o)
                              /home/saeed/toolchain/gcc6/installNative/lib/gcc/arm-none-eabi/6.3.0/../../../../arm-none-eabi/lib/libc.a(lib_a-exit.o) (__call_exitprocs)
/home/saeed/toolchain/gcc6/installNative/lib/gcc/arm-none-eabi/6.3.0/../../../../arm-none-eabi/lib/libc.a(lib_a-lock.o)
                              /home/saeed/toolchain/gcc6/installNative/lib/gcc/arm-none-eabi/6.3.0/../../../../arm-none-eabi/lib/libc.a(lib_a-__atexit.o) (__retarget_lock_acquire_recursive)

Allocating common symbols
Common symbol       size              file

__lock___atexit_recursive_mutex
                    0x1               /home/saeed/toolchain/gcc6/installNative/lib/gcc/arm-none-eabi/6.3.0/../../../../arm-none-eabi/lib/libc.a(lib_a-lock.o)
__lock___arc4random_mutex
                    0x1               /home/saeed/toolchain/gcc6/installNative/lib/gcc/arm-none-eabi/6.3.0/../../../../arm-none-eabi/lib/libc.a(lib_a-lock.o)
[...]
Memory Configuration

Name             Origin             Length             Attributes
RAM              0x0000000020000000 0x0000000000020000 xrw
ROM              0x0000000008000000 0x0000000000080000 xr
*default*        0x0000000000000000 0xffffffffffffffff

Linker script and memory map

LOAD /home/saeed/toolchain/gcc6/installNative/lib/gcc/arm-none-eabi/6.3.0/crti.o
LOAD /home/saeed/toolchain/gcc6/installNative/lib/gcc/arm-none-eabi/6.3.0/crtbegin.o
LOAD /home/saeed/toolchain/gcc6/installNative/lib/gcc/arm-none-eabi/6.3.0/../../../../arm-none-eabi/lib/crt0.o
LOAD build/src/main.o
LOAD build/src/startup.o
LOAD build/uart/src/uart_init.o
LOAD build/system/src/system_init.o
LOAD build/cli/src/cli_communitcate.o
LOAD build/multi_task/src/context_switch.o
LOAD build/multi_task/src/task.o
LOAD build/common/src/lsprintf.o
LOAD build/sys_call/src/syscall.o
START GROUP
LOAD /home/saeed/toolchain/gcc6/installNative/lib/gcc/arm-none-eabi/6.3.0/libgcc.a
LOAD /home/saeed/toolchain/gcc6/installNative/lib/gcc/arm-none-eabi/6.3.0/../../../../arm-none-eabi/lib/libc.a
END GROUP
LOAD /home/saeed/toolchain/gcc6/installNative/lib/gcc/arm-none-eabi/6.3.0/crtend.o
LOAD /home/saeed/toolchain/gcc6/installNative/lib/gcc/arm-none-eabi/6.3.0/crtn.o
                0x0000000020020000                _estack = 0x20020000
                0x0000000000000000                _Min_Heap_Size = 0x0
                0x0000000000000400                _Min_Stack_Size = 0x400

.isr_vector     0x0000000008000000       0xc0
                0x0000000008000000                . = ALIGN (0x4)
 *(.isr_vector)
 .isr_vector    0x0000000008000000       0xc0 build/src/startup.o
                0x0000000008000000                g_pfnVectors
                0x00000000080000c0                . = ALIGN (0x4)

.text           0x00000000080000c0     0x2558
                0x00000000080000c0                . = ALIGN (0x4)
 *(.text)
 .text          0x00000000080000c0       0x18 build/src/startup.o
                0x00000000080000d4                DebugMon_Handler
                0x00000000080000d4                HardFault_Handler
                0x00000000080000d4                SysTick_Handler
                0x00000000080000d4                PendSV_Handler
                0x00000000080000d4                NMI_Handler
                0x00000000080000d4                UsageFault_Handler
                0x00000000080000d4                MemManage_Handler
                0x00000000080000d4                BusFault_Handler
 .text          0x00000000080000d8       0x44 build/multi_task/src/context_switch.o
                0x00000000080000d8                initActivate
                0x00000000080000f8                activate
                0x000000000800010a                SVC_Handler
 .text          0x000000000800011c        0x4 build/sys_call/src/syscall.o
                0x000000000800011c                syscall
 .text          0x0000000008000120      0x41c /home/saeed/toolchain/gcc6/installNative/lib/gcc/arm-none-eabi/6.3.0/libgcc.a(_arm_addsubdf3.o)
                0x0000000008000120                __aeabi_drsub
                0x0000000008000128                __aeabi_dsub
                0x0000000008000128                __subdf3
                0x000000000800012c                __adddf3
                0x000000000800012c                __aeabi_dadd
                0x000000000800043c                __aeabi_ui2d
                0x000000000800043c                __floatunsidf
                0x0000000008000460                __floatsidf
                0x0000000008000460                __aeabi_i2d
                0x0000000008000488                __extendsfdf2
                0x0000000008000488                __aeabi_f2d
                0x00000000080004c8                __aeabi_ul2d
                0x00000000080004c8                __floatundidf
                0x00000000080004dc                __floatdidf
                0x00000000080004dc                __aeabi_l2d
 .text          0x000000000800053c      0x49c /home/saeed/toolchain/gcc6/installNative/lib/gcc/arm-none-eabi/6.3.0/libgcc.a(_arm_muldivdf3.o)
                0x000000000800053c                __aeabi_dmul
                0x000000000800053c                __muldf3
                0x00000000080007cc                __aeabi_ddiv
                0x00000000080007cc                __divdf3
 .text          0x00000000080009d8      0x144 /home/saeed/toolchain/gcc6/installNative/lib/gcc/arm-none-eabi/6.3.0/libgcc.a(_arm_cmpdf2.o)
                0x00000000080009d8                __gtdf2
                0x00000000080009d8                __gedf2
                0x00000000080009e0                __ltdf2
                0x00000000080009e0                __ledf2
                0x00000000080009e8                __cmpdf2
                0x00000000080009e8                __eqdf2
                0x00000000080009e8                __nedf2
                0x0000000008000a70                __aeabi_cdrcmple
                0x0000000008000a8c                __aeabi_cdcmple
                0x0000000008000a8c                __aeabi_cdcmpeq
                0x0000000008000aa4                __aeabi_dcmpeq
                0x0000000008000abc                __aeabi_dcmplt
                0x0000000008000ad4                __aeabi_dcmple
                0x0000000008000aec                __aeabi_dcmpge
                0x0000000008000b04                __aeabi_dcmpgt
 .text          0x0000000008000b1c       0x5c /home/saeed/toolchain/gcc6/installNative/lib/gcc/arm-none-eabi/6.3.0/libgcc.a(_arm_fixdfsi.o)
                0x0000000008000b1c                __fixdfsi
                0x0000000008000b1c                __aeabi_d2iz
 .text          0x0000000008000b78       0x54 /home/saeed/toolchain/gcc6/installNative/lib/gcc/arm-none-eabi/6.3.0/libgcc.a(_arm_fixunsdfsi.o)
                0x0000000008000b78                __fixunsdfsi
                0x0000000008000b78                __aeabi_d2uiz
 .text          0x0000000008000bcc       0x3c /home/saeed/toolchain/gcc6/installNative/lib/gcc/arm-none-eabi/6.3.0/libgcc.a(_aeabi_uldivmod.o)
                0x0000000008000bcc                __aeabi_uldivmod
 .text          0x0000000008000c08        0x4 /home/saeed/toolchain/gcc6/installNative/lib/gcc/arm-none-eabi/6.3.0/libgcc.a(_dvmd_tls.o)
                0x0000000008000c08                __aeabi_ldiv0
                0x0000000008000c08                __aeabi_idiv0
 .text          0x0000000008000c0c       0x28 /home/saeed/toolchain/gcc6/installNative/lib/gcc/arm-none-eabi/6.3.0/libgcc.a(_clzdi2.o)
                0x0000000008000c0c                __clzdi2
 .text          0x0000000008000c34       0x48 /home/saeed/toolchain/gcc6/installNative/lib/gcc/arm-none-eabi/6.3.0/libgcc.a(_clzsi2.o)
                0x0000000008000c34                __clzsi2
 *(.text*)
 .text.deregister_tm_clones
                0x0000000008000c7c       0x30 /home/saeed/toolchain/gcc6/installNative/lib/gcc/arm-none-eabi/6.3.0/crtbegin.o
 .text.register_tm_clones
                0x0000000008000cac       0x38 /home/saeed/toolchain/gcc6/installNative/lib/gcc/arm-none-eabi/6.3.0/crtbegin.o
 .text.__do_global_dtors_aux
                0x0000000008000ce4       0x44 /home/saeed/toolchain/gcc6/installNative/lib/gcc/arm-none-eabi/6.3.0/crtbegin.o
 .text.frame_dummy
                0x0000000008000d28       0x5c /home/saeed/toolchain/gcc6/installNative/lib/gcc/arm-none-eabi/6.3.0/crtbegin.o
 .text.first    0x0000000008000d84       0x24 build/src/main.o
                0x0000000008000d84                first
 .text.main     0x0000000008000da8       0xa0 build/src/main.o
                0x0000000008000da8                main
 .text.Reset_Handler
                0x0000000008000e48       0x40 build/src/startup.o
                0x0000000008000e48                Reset_Handler
 .text.InitUART
                0x0000000008000e88       0x74 build/uart/src/uart_init.o
                0x0000000008000e88                InitUART
 .text.initializeCore
                0x0000000008000efc        0xc build/system/src/system_init.o
                0x0000000008000efc                initializeCore
 .text.printUart
                0x0000000008000f08       0x48 build/cli/src/cli_communitcate.o
                0x0000000008000f08                printUart
 .text.print    0x0000000008000f50       0x40 build/cli/src/cli_communitcate.o
                0x0000000008000f50                print
 .text.writeUartBuf
                0x0000000008000f90       0x4c build/cli/src/cli_communitcate.o
                0x0000000008000f90                writeUartBuf
 .text.taskInit
                0x0000000008000fdc       0x3c build/multi_task/src/task.o
                0x0000000008000fdc                taskInit
 .text.taskSpawn
                0x0000000008001018      0x1c0 build/multi_task/src/task.o
                0x0000000008001018                taskSpawn
 .text.taskReady
                0x00000000080011d8       0x94 build/multi_task/src/task.o
                0x00000000080011d8                taskReady
 .text.taskCurrRunning
                0x000000000800126c       0x94 build/multi_task/src/task.o
                0x000000000800126c                taskCurrRunning
 .text._out_buffer
                0x0000000008001300       0x2c build/common/src/lsprintf.o
 .text._out_null
                0x000000000800132c       0x1a build/common/src/lsprintf.o
 .text._strlen  0x0000000008001346       0x2c build/common/src/lsprintf.o
 .text._is_digit
                0x0000000008001372       0x2c build/common/src/lsprintf.o
 .text._atoi    0x000000000800139e       0x48 build/common/src/lsprintf.o
 .text._ntoa_format
                0x00000000080013e6      0x20c build/common/src/lsprintf.o
 .text._ntoa_long
                0x00000000080015f2       0xc0 build/common/src/lsprintf.o
 .text._ntoa_long_long
                0x00000000080016b2       0xce build/common/src/lsprintf.o
 .text._ftoa    0x0000000008001780      0x448 build/common/src/lsprintf.o
 .text._lvsnprintf
                0x0000000008001bc8      0x8c8 build/common/src/lsprintf.o
 .text.lvsnprintf
                0x0000000008002490       0x2c build/common/src/lsprintf.o
                0x0000000008002490                lvsnprintf
 .text.__udivmoddi4
                0x00000000080024bc      0x12c /home/saeed/toolchain/gcc6/installNative/lib/gcc/arm-none-eabi/6.3.0/libgcc.a(_udivmoddi4.o)
                0x00000000080024bc                __udivmoddi4
 *(.glue_7)
 .glue_7        0x00000000080025e8        0x0 linker stubs
 *(.glue_7t)
 .glue_7t       0x00000000080025e8        0x0 linker stubs
 *(.eh_frame)
 .eh_frame      0x00000000080025e8        0x0 /home/saeed/toolchain/gcc6/installNative/lib/gcc/arm-none-eabi/6.3.0/crtbegin.o
 *(.init)
 .init          0x00000000080025e8        0xc /home/saeed/toolchain/gcc6/installNative/lib/gcc/arm-none-eabi/6.3.0/crti.o
                0x00000000080025e8                _init
 .init          0x00000000080025f4        0xc /home/saeed/toolchain/gcc6/installNative/lib/gcc/arm-none-eabi/6.3.0/crtn.o
 *(.fini)
 .fini          0x0000000008002600        0xc /home/saeed/toolchain/gcc6/installNative/lib/gcc/arm-none-eabi/6.3.0/crti.o
                0x0000000008002600                _fini
 .fini          0x000000000800260c        0xc /home/saeed/toolchain/gcc6/installNative/lib/gcc/arm-none-eabi/6.3.0/crtn.o
                0x0000000008002618                . = ALIGN (0x4)
                0x0000000008002618                _etext = .

.vfp11_veneer   0x0000000008002618        0x0
 .vfp11_veneer  0x0000000008002618        0x0 linker stubs

.v4_bx          0x0000000008002618        0x0
 .v4_bx         0x0000000008002618        0x0 linker stubs

.iplt           0x0000000008002618        0x0
 .iplt          0x0000000008002618        0x0 /home/saeed/toolchain/gcc6/installNative/lib/gcc/arm-none-eabi/6.3.0/crtbegin.o

.rodata         0x0000000008002618      0x258
                0x0000000008002618                . = ALIGN (0x4)
 *(.rodata)
 .rodata        0x0000000008002618       0x86 build/src/main.o
 *fill*         0x000000000800269e        0x2 
 .rodata        0x00000000080026a0      0x17e build/multi_task/src/task.o
 *fill*         0x000000000800281e        0x2 
 .rodata        0x0000000008002820       0x50 build/common/src/lsprintf.o
 *(.rodata*)
                0x0000000008002870                . = ALIGN (0x4)

.ARM.extab      0x0000000008002870        0x0
                0x0000000008002870                . = ALIGN (0x4)
 *(.ARM.extab* .gnu.linkonce.armextab.*)
                0x0000000008002870                . = ALIGN (0x4)

.ARM            0x0000000008002870        0x8
                0x0000000008002870                . = ALIGN (0x4)
                0x0000000008002870                __exidx_start = .
 *(.ARM.exidx*)
 .ARM.exidx.text.__udivmoddi4
                0x0000000008002870        0x8 /home/saeed/toolchain/gcc6/installNative/lib/gcc/arm-none-eabi/6.3.0/libgcc.a(_udivmoddi4.o)
                0x0000000008002878                __exidx_end = .
                0x0000000008002878                . = ALIGN (0x4)

.rel.dyn        0x0000000008002878        0x0
 .rel.iplt      0x0000000008002878        0x0 /home/saeed/toolchain/gcc6/installNative/lib/gcc/arm-none-eabi/6.3.0/crtbegin.o

.preinit_array  0x0000000008002878        0x0
                0x0000000008002878                . = ALIGN (0x4)
                0x0000000008002878                PROVIDE (__preinit_array_start, .)
 *(.preinit_array*)
                0x0000000008002878                PROVIDE (__preinit_array_end, .)
                0x0000000008002878                . = ALIGN (0x4)

.init_array     0x0000000008002878        0x4
                0x0000000008002878                . = ALIGN (0x4)
                0x0000000008002878                PROVIDE (__init_array_start, .)
 *(SORT(.init_array.*))
 *(.init_array*)
 .init_array    0x0000000008002878        0x4 /home/saeed/toolchain/gcc6/installNative/lib/gcc/arm-none-eabi/6.3.0/crtbegin.o
                0x000000000800287c                PROVIDE (__init_array_end, .)
                0x000000000800287c                . = ALIGN (0x4)

.fini_array     0x000000000800287c        0x4
                0x000000000800287c                . = ALIGN (0x4)
                0x000000000800287c                PROVIDE (__fini_array_start, .)
 *(SORT(.fini_array.*))
 *(.fini_array*)
 .fini_array    0x000000000800287c        0x4 /home/saeed/toolchain/gcc6/installNative/lib/gcc/arm-none-eabi/6.3.0/crtbegin.o
                0x0000000008002880                PROVIDE (__fini_array_end, .)
                0x0000000008002880                . = ALIGN (0x4)
                0x0000000008002880                _sidata = LOADADDR (.data)

.data           0x0000000020000000        0x0 load address 0x0000000008002880
                0x0000000020000000                . = ALIGN (0x4)
                0x0000000020000000                _sdata = .
 *(.data)
 *(.data*)
                0x0000000020000000                . = ALIGN (0x4)
                0x0000000020000000                _edata = .

.jcr            0x0000000020000000        0x0 load address 0x0000000008002880
 .jcr           0x0000000020000000        0x0 /home/saeed/toolchain/gcc6/installNative/lib/gcc/arm-none-eabi/6.3.0/crtbegin.o

.tm_clone_table
                0x0000000020000000        0x0 load address 0x0000000008002880
 .tm_clone_table
                0x0000000020000000        0x0 /home/saeed/toolchain/gcc6/installNative/lib/gcc/arm-none-eabi/6.3.0/crtbegin.o
 .tm_clone_table
                0x0000000020000000        0x0 /home/saeed/toolchain/gcc6/installNative/lib/gcc/arm-none-eabi/6.3.0/crtend.o

.igot.plt       0x0000000020000000        0x0 load address 0x0000000008002880
 .igot.plt      0x0000000020000000        0x0 /home/saeed/toolchain/gcc6/installNative/lib/gcc/arm-none-eabi/6.3.0/crtbegin.o
                0x0000000020000000                . = ALIGN (0x4)

.bss            0x0000000020000000       0x6c load address 0x0000000008002880
                0x0000000020000000                _sbss = .
                0x0000000020000000                __bss_start__ = _sbss
 *(.bss)
 .bss           0x0000000020000000       0x50 build/multi_task/src/task.o
 *(.bss*)
 .bss.completed.6499
                0x0000000020000050        0x1 /home/saeed/toolchain/gcc6/installNative/lib/gcc/arm-none-eabi/6.3.0/crtbegin.o
 *fill*         0x0000000020000051        0x3 
 .bss.object.6504
                0x0000000020000054       0x18 /home/saeed/toolchain/gcc6/installNative/lib/gcc/arm-none-eabi/6.3.0/crtbegin.o
 *(COMMON)
                0x000000002000006c                . = ALIGN (0x4)
                0x000000002000006c                _ebss = .
                0x000000002000006c                __bss_end__ = _ebss

._user_heap_stack
                0x000000002000006c      0x404 load address 0x0000000008002880
                0x0000000020000070                . = ALIGN (0x8)
 *fill*         0x000000002000006c        0x4 
                [!provide]                        PROVIDE (end, .)
                [!provide]                        PROVIDE (_end, .)
                0x0000000020000070                . = (. + _Min_Heap_Size)
                0x0000000020000470                . = (. + _Min_Stack_Size)
 *fill*         0x0000000020000070      0x400 
                0x0000000020000470                . = ALIGN (0x8)

/DISCARD/
 libc.a(*)
 libm.a(*)
 libgcc.a(*)

.ARM.attributes
                0x0000000000000000       0x35
 *(.ARM.attributes)
 .ARM.attributes
                0x0000000000000000       0x16 /home/saeed/toolchain/gcc6/installNative/lib/gcc/arm-none-eabi/6.3.0/crti.o
 .ARM.attributes
                0x0000000000000016       0x30 /home/saeed/toolchain/gcc6/installNative/lib/gcc/arm-none-eabi/6.3.0/crtbegin.o
 .ARM.attributes
                0x0000000000000046       0x33 build/src/main.o
 .ARM.attributes
                0x0000000000000079       0x25 build/src/startup.o
 .ARM.attributes
                0x000000000000009e       0x33 build/uart/src/uart_init.o
 .ARM.attributes
                0x00000000000000d1       0x33 build/system/src/system_init.o
 .ARM.attributes
                0x0000000000000104       0x33 build/cli/src/cli_communitcate.o
 .ARM.attributes
                0x0000000000000137       0x25 build/multi_task/src/context_switch.o
 .ARM.attributes
                0x000000000000015c       0x33 build/multi_task/src/task.o
 .ARM.attributes
                0x000000000000018f       0x33 build/common/src/lsprintf.o
 .ARM.attributes
                0x00000000000001c2       0x25 build/sys_call/src/syscall.o
 .ARM.attributes
                0x00000000000001e7       0x18 /home/saeed/toolchain/gcc6/installNative/lib/gcc/arm-none-eabi/6.3.0/libgcc.a(_arm_addsubdf3.o)
 .ARM.attributes
                0x00000000000001ff       0x18 /home/saeed/toolchain/gcc6/installNative/lib/gcc/arm-none-eabi/6.3.0/libgcc.a(_arm_muldivdf3.o)
 .ARM.attributes
                0x0000000000000217       0x18 /home/saeed/toolchain/gcc6/installNative/lib/gcc/arm-none-eabi/6.3.0/libgcc.a(_arm_cmpdf2.o)
 .ARM.attributes
                0x000000000000022f       0x18 /home/saeed/toolchain/gcc6/installNative/lib/gcc/arm-none-eabi/6.3.0/libgcc.a(_arm_fixdfsi.o)
 .ARM.attributes
                0x0000000000000247       0x18 /home/saeed/toolchain/gcc6/installNative/lib/gcc/arm-none-eabi/6.3.0/libgcc.a(_arm_fixunsdfsi.o)
 .ARM.attributes
                0x000000000000025f       0x18 /home/saeed/toolchain/gcc6/installNative/lib/gcc/arm-none-eabi/6.3.0/libgcc.a(_aeabi_uldivmod.o)
 .ARM.attributes
                0x0000000000000277       0x30 /home/saeed/toolchain/gcc6/installNative/lib/gcc/arm-none-eabi/6.3.0/libgcc.a(_udivmoddi4.o)
 .ARM.attributes
                0x00000000000002a7       0x18 /home/saeed/toolchain/gcc6/installNative/lib/gcc/arm-none-eabi/6.3.0/libgcc.a(_dvmd_tls.o)
 .ARM.attributes
                0x00000000000002bf       0x18 /home/saeed/toolchain/gcc6/installNative/lib/gcc/arm-none-eabi/6.3.0/libgcc.a(_clzdi2.o)
 .ARM.attributes
                0x00000000000002d7       0x18 /home/saeed/toolchain/gcc6/installNative/lib/gcc/arm-none-eabi/6.3.0/libgcc.a(_clzsi2.o)
 .ARM.attributes
                0x00000000000002ef       0x30 /home/saeed/toolchain/gcc6/installNative/lib/gcc/arm-none-eabi/6.3.0/crtend.o
 .ARM.attributes
                0x000000000000031f       0x18 /home/saeed/toolchain/gcc6/installNative/lib/gcc/arm-none-eabi/6.3.0/crtn.o
OUTPUT(build/kernel.elf elf32-littlearm)

.comment        0x0000000000000000       0x25
 .comment       0x0000000000000000       0x25 /home/saeed/toolchain/gcc6/installNative/lib/gcc/arm-none-eabi/6.3.0/crtbegin.o
                                         0x26 (size before relaxing)
 .comment       0x0000000000000025       0x26 build/src/main.o
 .comment       0x0000000000000025       0x26 build/uart/src/uart_init.o
 .comment       0x0000000000000025       0x26 build/system/src/system_init.o
 .comment       0x0000000000000025       0x26 build/cli/src/cli_communitcate.o
 .comment       0x0000000000000025       0x26 build/multi_task/src/task.o
 .comment       0x0000000000000025       0x26 build/common/src/lsprintf.o
 .comment       0x0000000000000025       0x26 /home/saeed/toolchain/gcc6/installNative/lib/gcc/arm-none-eabi/6.3.0/libgcc.a(_udivmoddi4.o)
 .comment       0x0000000000000025       0x26 /home/saeed/toolchain/gcc6/installNative/lib/gcc/arm-none-eabi/6.3.0/crtend.o

.debug_info     0x0000000000000000     0x506a
 .debug_info    0x0000000000000000      0x954 build/src/main.o
 .debug_info    0x0000000000000954       0x5f build/src/startup.o
 .debug_info    0x00000000000009b3      0x8b7 build/uart/src/uart_init.o
 .debug_info    0x000000000000126a      0x8b7 build/system/src/system_init.o
 .debug_info    0x0000000000001b21      0x9a2 build/cli/src/cli_communitcate.o
 .debug_info    0x00000000000024c3       0x75 build/multi_task/src/context_switch.o
 .debug_info    0x0000000000002538      0xa3f build/multi_task/src/task.o
 .debug_info    0x0000000000002f77     0x10be build/common/src/lsprintf.o
 .debug_info    0x0000000000004035       0x6c build/sys_call/src/syscall.o
 .debug_info    0x00000000000040a1       0xbe /home/saeed/toolchain/gcc6/installNative/lib/gcc/arm-none-eabi/6.3.0/libgcc.a(_arm_addsubdf3.o)
 .debug_info    0x000000000000415f       0xbe /home/saeed/toolchain/gcc6/installNative/lib/gcc/arm-none-eabi/6.3.0/libgcc.a(_arm_muldivdf3.o)
 .debug_info    0x000000000000421d       0xbe /home/saeed/toolchain/gcc6/installNative/lib/gcc/arm-none-eabi/6.3.0/libgcc.a(_arm_cmpdf2.o)
 .debug_info    0x00000000000042db       0xbe /home/saeed/toolchain/gcc6/installNative/lib/gcc/arm-none-eabi/6.3.0/libgcc.a(_arm_fixdfsi.o)
 .debug_info    0x0000000000004399       0xbe /home/saeed/toolchain/gcc6/installNative/lib/gcc/arm-none-eabi/6.3.0/libgcc.a(_arm_fixunsdfsi.o)
 .debug_info    0x0000000000004457       0xb9 /home/saeed/toolchain/gcc6/installNative/lib/gcc/arm-none-eabi/6.3.0/libgcc.a(_aeabi_uldivmod.o)
 .debug_info    0x0000000000004510      0x923 /home/saeed/toolchain/gcc6/installNative/lib/gcc/arm-none-eabi/6.3.0/libgcc.a(_udivmoddi4.o)
 .debug_info    0x0000000000004e33       0xbd /home/saeed/toolchain/gcc6/installNative/lib/gcc/arm-none-eabi/6.3.0/libgcc.a(_dvmd_tls.o)
 .debug_info    0x0000000000004ef0       0xbd /home/saeed/toolchain/gcc6/installNative/lib/gcc/arm-none-eabi/6.3.0/libgcc.a(_clzdi2.o)
 .debug_info    0x0000000000004fad       0xbd /home/saeed/toolchain/gcc6/installNative/lib/gcc/arm-none-eabi/6.3.0/libgcc.a(_clzsi2.o)

.debug_abbrev   0x0000000000000000      0xd66
 .debug_abbrev  0x0000000000000000      0x1b9 build/src/main.o
 .debug_abbrev  0x00000000000001b9       0x12 build/src/startup.o
 .debug_abbrev  0x00000000000001cb      0x174 build/uart/src/uart_init.o
 .debug_abbrev  0x000000000000033f      0x174 build/system/src/system_init.o
 .debug_abbrev  0x00000000000004b3      0x201 build/cli/src/cli_communitcate.o
 .debug_abbrev  0x00000000000006b4       0x14 build/multi_task/src/context_switch.o
 .debug_abbrev  0x00000000000006c8      0x1f4 build/multi_task/src/task.o
 .debug_abbrev  0x00000000000008bc      0x28d build/common/src/lsprintf.o
 .debug_abbrev  0x0000000000000b49       0x14 build/sys_call/src/syscall.o
 .debug_abbrev  0x0000000000000b5d       0x14 /home/saeed/toolchain/gcc6/installNative/lib/gcc/arm-none-eabi/6.3.0/libgcc.a(_arm_addsubdf3.o)
 .debug_abbrev  0x0000000000000b71       0x14 /home/saeed/toolchain/gcc6/installNative/lib/gcc/arm-none-eabi/6.3.0/libgcc.a(_arm_muldivdf3.o)
 .debug_abbrev  0x0000000000000b85       0x14 /home/saeed/toolchain/gcc6/installNative/lib/gcc/arm-none-eabi/6.3.0/libgcc.a(_arm_cmpdf2.o)
 .debug_abbrev  0x0000000000000b99       0x14 /home/saeed/toolchain/gcc6/installNative/lib/gcc/arm-none-eabi/6.3.0/libgcc.a(_arm_fixdfsi.o)
 .debug_abbrev  0x0000000000000bad       0x14 /home/saeed/toolchain/gcc6/installNative/lib/gcc/arm-none-eabi/6.3.0/libgcc.a(_arm_fixunsdfsi.o)
 .debug_abbrev  0x0000000000000bc1       0x14 /home/saeed/toolchain/gcc6/installNative/lib/gcc/arm-none-eabi/6.3.0/libgcc.a(_aeabi_uldivmod.o)
 .debug_abbrev  0x0000000000000bd5      0x155 /home/saeed/toolchain/gcc6/installNative/lib/gcc/arm-none-eabi/6.3.0/libgcc.a(_udivmoddi4.o)
 .debug_abbrev  0x0000000000000d2a       0x14 /home/saeed/toolchain/gcc6/installNative/lib/gcc/arm-none-eabi/6.3.0/libgcc.a(_dvmd_tls.o)
 .debug_abbrev  0x0000000000000d3e       0x14 /home/saeed/toolchain/gcc6/installNative/lib/gcc/arm-none-eabi/6.3.0/libgcc.a(_clzdi2.o)
 .debug_abbrev  0x0000000000000d52       0x14 /home/saeed/toolchain/gcc6/installNative/lib/gcc/arm-none-eabi/6.3.0/libgcc.a(_clzsi2.o)

.debug_aranges  0x0000000000000000      0x300
 .debug_aranges
                0x0000000000000000       0x30 build/src/main.o
 .debug_aranges
                0x0000000000000030       0x28 build/src/startup.o
 .debug_aranges
                0x0000000000000058       0x20 build/uart/src/uart_init.o
 .debug_aranges
                0x0000000000000078       0x20 build/system/src/system_init.o
 .debug_aranges
                0x0000000000000098       0x38 build/cli/src/cli_communitcate.o
 .debug_aranges
                0x00000000000000d0       0x20 build/multi_task/src/context_switch.o
 .debug_aranges
                0x00000000000000f0       0x40 build/multi_task/src/task.o
 .debug_aranges
                0x0000000000000130       0x70 build/common/src/lsprintf.o
 .debug_aranges
                0x00000000000001a0       0x20 build/sys_call/src/syscall.o
 .debug_aranges
                0x00000000000001c0       0x20 /home/saeed/toolchain/gcc6/installNative/lib/gcc/arm-none-eabi/6.3.0/libgcc.a(_arm_addsubdf3.o)
 .debug_aranges
                0x00000000000001e0       0x20 /home/saeed/toolchain/gcc6/installNative/lib/gcc/arm-none-eabi/6.3.0/libgcc.a(_arm_muldivdf3.o)
 .debug_aranges
                0x0000000000000200       0x20 /home/saeed/toolchain/gcc6/installNative/lib/gcc/arm-none-eabi/6.3.0/libgcc.a(_arm_cmpdf2.o)
 .debug_aranges
                0x0000000000000220       0x20 /home/saeed/toolchain/gcc6/installNative/lib/gcc/arm-none-eabi/6.3.0/libgcc.a(_arm_fixdfsi.o)
 .debug_aranges
                0x0000000000000240       0x20 /home/saeed/toolchain/gcc6/installNative/lib/gcc/arm-none-eabi/6.3.0/libgcc.a(_arm_fixunsdfsi.o)
 .debug_aranges
                0x0000000000000260       0x20 /home/saeed/toolchain/gcc6/installNative/lib/gcc/arm-none-eabi/6.3.0/libgcc.a(_aeabi_uldivmod.o)
 .debug_aranges
                0x0000000000000280       0x20 /home/saeed/toolchain/gcc6/installNative/lib/gcc/arm-none-eabi/6.3.0/libgcc.a(_udivmoddi4.o)
 .debug_aranges
                0x00000000000002a0       0x20 /home/saeed/toolchain/gcc6/installNative/lib/gcc/arm-none-eabi/6.3.0/libgcc.a(_dvmd_tls.o)
 .debug_aranges
                0x00000000000002c0       0x20 /home/saeed/toolchain/gcc6/installNative/lib/gcc/arm-none-eabi/6.3.0/libgcc.a(_clzdi2.o)
 .debug_aranges
                0x00000000000002e0       0x20 /home/saeed/toolchain/gcc6/installNative/lib/gcc/arm-none-eabi/6.3.0/libgcc.a(_clzsi2.o)

.debug_ranges   0x0000000000000000      0x128
 .debug_ranges  0x0000000000000000       0x20 build/src/main.o
 .debug_ranges  0x0000000000000020       0x20 build/src/startup.o
 .debug_ranges  0x0000000000000040       0x10 build/uart/src/uart_init.o
 .debug_ranges  0x0000000000000050       0x10 build/system/src/system_init.o
 .debug_ranges  0x0000000000000060       0x28 build/cli/src/cli_communitcate.o
 .debug_ranges  0x0000000000000088       0x30 build/multi_task/src/task.o
 .debug_ranges  0x00000000000000b8       0x60 build/common/src/lsprintf.o
 .debug_ranges  0x0000000000000118       0x10 /home/saeed/toolchain/gcc6/installNative/lib/gcc/arm-none-eabi/6.3.0/libgcc.a(_udivmoddi4.o)

.debug_macro    0x0000000000000000     0x2e03
 .debug_macro   0x0000000000000000      0x2e1 build/src/main.o
 .debug_macro   0x00000000000002e1      0x8c8 build/src/main.o
 .debug_macro   0x0000000000000ba9       0x22 build/src/main.o
 .debug_macro   0x0000000000000bcb       0x22 build/src/main.o
 .debug_macro   0x0000000000000bed       0x40 build/src/main.o
 .debug_macro   0x0000000000000c2d       0x8d build/src/main.o
 .debug_macro   0x0000000000000cba       0x3c build/src/main.o
 .debug_macro   0x0000000000000cf6       0x9c build/src/main.o
 .debug_macro   0x0000000000000d92       0x16 build/src/main.o
 .debug_macro   0x0000000000000da8       0x57 build/src/main.o
 .debug_macro   0x0000000000000dff       0x97 build/src/main.o
 .debug_macro   0x0000000000000e96      0x30d build/src/main.o
 .debug_macro   0x00000000000011a3       0xfd build/src/main.o
 .debug_macro   0x00000000000012a0       0x10 build/src/main.o
 .debug_macro   0x00000000000012b0       0x58 build/src/main.o
 .debug_macro   0x0000000000001308       0x1f build/src/main.o
 .debug_macro   0x0000000000001327       0x43 build/src/main.o
 .debug_macro   0x000000000000136a       0x20 build/src/main.o
 .debug_macro   0x000000000000138a      0x1a3 build/src/main.o
 .debug_macro   0x000000000000152d       0x10 build/src/main.o
 .debug_macro   0x000000000000153d       0x6a build/src/main.o
 .debug_macro   0x00000000000015a7       0x1c build/src/main.o
 .debug_macro   0x00000000000015c3       0x52 build/src/main.o
 .debug_macro   0x0000000000001615       0x40 build/src/main.o
 .debug_macro   0x0000000000001655       0x10 build/src/main.o
 .debug_macro   0x0000000000001665       0x40 build/src/main.o
 .debug_macro   0x00000000000016a5       0xd7 build/src/main.o
 .debug_macro   0x000000000000177c       0x16 build/src/main.o
 .debug_macro   0x0000000000001792      0x161 build/src/main.o
 .debug_macro   0x00000000000018f3       0xef build/src/main.o
 .debug_macro   0x00000000000019e2      0x1df build/src/main.o
 .debug_macro   0x0000000000001bc1       0x4c build/src/main.o
 .debug_macro   0x0000000000001c0d       0x16 build/src/main.o
 .debug_macro   0x0000000000001c23       0x35 build/src/main.o
 .debug_macro   0x0000000000001c58       0x16 build/src/main.o
 .debug_macro   0x0000000000001c6e       0x29 build/src/main.o
 .debug_macro   0x0000000000001c97       0x16 build/src/main.o
 .debug_macro   0x0000000000001cad       0x40 build/src/main.o
 .debug_macro   0x0000000000001ced       0x22 build/src/main.o
 .debug_macro   0x0000000000001d0f       0x88 build/src/main.o
 .debug_macro   0x0000000000001d97       0x10 build/src/main.o
 .debug_macro   0x0000000000001da7       0x34 build/src/main.o
 .debug_macro   0x0000000000001ddb      0x29e build/uart/src/uart_init.o
 .debug_macro   0x0000000000002079      0x2a2 build/system/src/system_init.o
 .debug_macro   0x000000000000231b      0x2a8 build/cli/src/cli_communitcate.o
 .debug_macro   0x00000000000025c3      0x27f build/multi_task/src/task.o
 .debug_macro   0x0000000000002842      0x2d7 build/common/src/lsprintf.o
 .debug_macro   0x0000000000002b19       0x87 build/common/src/lsprintf.o
 .debug_macro   0x0000000000002ba0       0x51 build/common/src/lsprintf.o
 .debug_macro   0x0000000000002bf1       0x58 build/common/src/lsprintf.o
 .debug_macro   0x0000000000002c49      0x174 build/common/src/lsprintf.o
 .debug_macro   0x0000000000002dbd       0x46 build/common/src/lsprintf.o

.debug_line     0x0000000000000000     0x26d9
 .debug_line    0x0000000000000000      0x462 build/src/main.o
 .debug_line    0x0000000000000462       0x69 build/src/startup.o
 .debug_line    0x00000000000004cb      0x3ea build/uart/src/uart_init.o
 .debug_line    0x00000000000008b5      0x409 build/system/src/system_init.o
 .debug_line    0x0000000000000cbe      0x445 build/cli/src/cli_communitcate.o
 .debug_line    0x0000000000001103       0x65 build/multi_task/src/context_switch.o
 .debug_line    0x0000000000001168      0x4b6 build/multi_task/src/task.o
 .debug_line    0x000000000000161e      0x7e5 build/common/src/lsprintf.o
 .debug_line    0x0000000000001e03       0x47 build/sys_call/src/syscall.o
 .debug_line    0x0000000000001e4a      0x188 /home/saeed/toolchain/gcc6/installNative/lib/gcc/arm-none-eabi/6.3.0/libgcc.a(_arm_addsubdf3.o)
 .debug_line    0x0000000000001fd2      0x19c /home/saeed/toolchain/gcc6/installNative/lib/gcc/arm-none-eabi/6.3.0/libgcc.a(_arm_muldivdf3.o)
 .debug_line    0x000000000000216e       0xcc /home/saeed/toolchain/gcc6/installNative/lib/gcc/arm-none-eabi/6.3.0/libgcc.a(_arm_cmpdf2.o)
 .debug_line    0x000000000000223a       0x92 /home/saeed/toolchain/gcc6/installNative/lib/gcc/arm-none-eabi/6.3.0/libgcc.a(_arm_fixdfsi.o)
 .debug_line    0x00000000000022cc       0x90 /home/saeed/toolchain/gcc6/installNative/lib/gcc/arm-none-eabi/6.3.0/libgcc.a(_arm_fixunsdfsi.o)
 .debug_line    0x000000000000235c       0x7b /home/saeed/toolchain/gcc6/installNative/lib/gcc/arm-none-eabi/6.3.0/libgcc.a(_aeabi_uldivmod.o)
 .debug_line    0x00000000000023d7      0x17a /home/saeed/toolchain/gcc6/installNative/lib/gcc/arm-none-eabi/6.3.0/libgcc.a(_udivmoddi4.o)
 .debug_line    0x0000000000002551       0x7b /home/saeed/toolchain/gcc6/installNative/lib/gcc/arm-none-eabi/6.3.0/libgcc.a(_dvmd_tls.o)
 .debug_line    0x00000000000025cc       0x85 /home/saeed/toolchain/gcc6/installNative/lib/gcc/arm-none-eabi/6.3.0/libgcc.a(_clzdi2.o)
 .debug_line    0x0000000000002651       0x88 /home/saeed/toolchain/gcc6/installNative/lib/gcc/arm-none-eabi/6.3.0/libgcc.a(_clzsi2.o)

.debug_str      0x0000000000000000     0x8e75
 .debug_str     0x0000000000000000     0x7f75 build/src/main.o
                                       0x8213 (size before relaxing)
 .debug_str     0x0000000000007f75       0x1e build/uart/src/uart_init.o
                                       0x80e7 (size before relaxing)
 .debug_str     0x0000000000007f93       0x28 build/system/src/system_init.o
                                       0x80f1 (size before relaxing)
 .debug_str     0x0000000000007fbb       0x62 build/cli/src/cli_communitcate.o
                                       0x8152 (size before relaxing)
 .debug_str     0x000000000000801d       0x7f build/multi_task/src/task.o
                                       0x8285 (size before relaxing)
 .debug_str     0x000000000000809c      0x288 build/common/src/lsprintf.o
                                       0x83d0 (size before relaxing)
 .debug_str     0x0000000000008324      0xb51 /home/saeed/toolchain/gcc6/installNative/lib/gcc/arm-none-eabi/6.3.0/libgcc.a(_udivmoddi4.o)
                                        0xc31 (size before relaxing)

.debug_frame    0x0000000000000000      0x694
 .debug_frame   0x0000000000000000       0x6c build/src/main.o
 .debug_frame   0x000000000000006c       0x30 build/uart/src/uart_init.o
 .debug_frame   0x000000000000009c       0x2c build/system/src/system_init.o
 .debug_frame   0x00000000000000c8       0xc0 build/cli/src/cli_communitcate.o
 .debug_frame   0x0000000000000188       0xcc build/multi_task/src/task.o
 .debug_frame   0x0000000000000254      0x1c4 build/common/src/lsprintf.o
 .debug_frame   0x0000000000000418       0xac /home/saeed/toolchain/gcc6/installNative/lib/gcc/arm-none-eabi/6.3.0/libgcc.a(_arm_addsubdf3.o)
 .debug_frame   0x00000000000004c4       0x50 /home/saeed/toolchain/gcc6/installNative/lib/gcc/arm-none-eabi/6.3.0/libgcc.a(_arm_muldivdf3.o)
 .debug_frame   0x0000000000000514       0xc4 /home/saeed/toolchain/gcc6/installNative/lib/gcc/arm-none-eabi/6.3.0/libgcc.a(_arm_cmpdf2.o)
 .debug_frame   0x00000000000005d8       0x24 /home/saeed/toolchain/gcc6/installNative/lib/gcc/arm-none-eabi/6.3.0/libgcc.a(_arm_fixdfsi.o)
 .debug_frame   0x00000000000005fc       0x24 /home/saeed/toolchain/gcc6/installNative/lib/gcc/arm-none-eabi/6.3.0/libgcc.a(_arm_fixunsdfsi.o)
 .debug_frame   0x0000000000000620       0x2c /home/saeed/toolchain/gcc6/installNative/lib/gcc/arm-none-eabi/6.3.0/libgcc.a(_aeabi_uldivmod.o)
 .debug_frame   0x000000000000064c       0x48 /home/saeed/toolchain/gcc6/installNative/lib/gcc/arm-none-eabi/6.3.0/libgcc.a(_udivmoddi4.o)

.debug_loc      0x0000000000000000      0x19e
 .debug_loc     0x0000000000000000      0x19e /home/saeed/toolchain/gcc6/installNative/lib/gcc/arm-none-eabi/6.3.0/libgcc.a(_udivmoddi4.o)
