Archive member included to satisfy reference by file (symbol)

/home/saeed/toolchain/gcc6/installNative/lib/gcc/arm-none-eabi/6.3.0/../../../../arm-none-eabi/lib/libc.a(lib_a-atexit.o)
                              /home/saeed/toolchain/gcc6/installNative/lib/gcc/arm-none-eabi/6.3.0/../../../../arm-none-eabi/lib/crt0.o (atexit)
/home/saeed/toolchain/gcc6/installNative/lib/gcc/arm-none-eabi/6.3.0/../../../../arm-none-eabi/lib/libc.a(lib_a-exit.o)
                              /home/saeed/toolchain/gcc6/installNative/lib/gcc/arm-none-eabi/6.3.0/../../../../arm-none-eabi/lib/crt0.o (exit)
/home/saeed/toolchain/gcc6/installNative/lib/gcc/arm-none-eabi/6.3.0/../../../../arm-none-eabi/lib/libc.a(lib_a-fini.o)
                              /home/saeed/toolchain/gcc6/installNative/lib/gcc/arm-none-eabi/6.3.0/../../../../arm-none-eabi/lib/crt0.o (__libc_fini_array)
/home/saeed/toolchain/gcc6/installNative/lib/gcc/arm-none-eabi/6.3.0/../../../../arm-none-eabi/lib/libc.a(lib_a-impure.o)
                              /home/saeed/toolchain/gcc6/installNative/lib/gcc/arm-none-eabi/6.3.0/../../../../arm-none-eabi/lib/libc.a(lib_a-exit.o) (_global_impure_ptr)
/home/saeed/toolchain/gcc6/installNative/lib/gcc/arm-none-eabi/6.3.0/../../../../arm-none-eabi/lib/libc.a(lib_a-init.o)
                              /home/saeed/toolchain/gcc6/installNative/lib/gcc/arm-none-eabi/6.3.0/../../../../arm-none-eabi/lib/crt0.o (__libc_init_array)
/home/saeed/toolchain/gcc6/installNative/lib/gcc/arm-none-eabi/6.3.0/../../../../arm-none-eabi/lib/libc.a(lib_a-memset.o)
                              /home/saeed/toolchain/gcc6/installNative/lib/gcc/arm-none-eabi/6.3.0/../../../../arm-none-eabi/lib/crt0.o (memset)
/home/saeed/toolchain/gcc6/installNative/lib/gcc/arm-none-eabi/6.3.0/../../../../arm-none-eabi/lib/libc.a(lib_a-__atexit.o)
                              /home/saeed/toolchain/gcc6/installNative/lib/gcc/arm-none-eabi/6.3.0/../../../../arm-none-eabi/lib/libc.a(lib_a-atexit.o) (__register_exitproc)
/home/saeed/toolchain/gcc6/installNative/lib/gcc/arm-none-eabi/6.3.0/../../../../arm-none-eabi/lib/libc.a(lib_a-__call_atexit.o)
                              /home/saeed/toolchain/gcc6/installNative/lib/gcc/arm-none-eabi/6.3.0/../../../../arm-none-eabi/lib/libc.a(lib_a-exit.o) (__call_exitprocs)
/home/saeed/toolchain/gcc6/installNative/lib/gcc/arm-none-eabi/6.3.0/../../../../arm-none-eabi/lib/libc.a(lib_a-lock.o)
                              /home/saeed/toolchain/gcc6/installNative/lib/gcc/arm-none-eabi/6.3.0/../../../../arm-none-eabi/lib/libc.a(lib_a-__atexit.o) (__retarget_lock_acquire_recursive)

Allocating common symbols
Common symbol       size              file

__lock___atexit_recursive_mutex
                    0x1               /home/saeed/toolchain/gcc6/installNative/lib/gcc/arm-none-eabi/6.3.0/../../../../arm-none-eabi/lib/libc.a(lib_a-lock.o)
__lock___arc4random_mutex
                    0x1               /home/saeed/toolchain/gcc6/installNative/lib/gcc/arm-none-eabi/6.3.0/../../../../arm-none-eabi/lib/libc.a(lib_a-lock.o)
__lock___env_recursive_mutex
                    0x1               /home/saeed/toolchain/gcc6/installNative/lib/gcc/arm-none-eabi/6.3.0/../../../../arm-none-eabi/lib/libc.a(lib_a-lock.o)
__lock___sinit_recursive_mutex
                    0x1               /home/saeed/toolchain/gcc6/installNative/lib/gcc/arm-none-eabi/6.3.0/../../../../arm-none-eabi/lib/libc.a(lib_a-lock.o)
__lock___malloc_recursive_mutex
                    0x1               /home/saeed/toolchain/gcc6/installNative/lib/gcc/arm-none-eabi/6.3.0/../../../../arm-none-eabi/lib/libc.a(lib_a-lock.o)
__lock___at_quick_exit_mutex
                    0x1               /home/saeed/toolchain/gcc6/installNative/lib/gcc/arm-none-eabi/6.3.0/../../../../arm-none-eabi/lib/libc.a(lib_a-lock.o)
__lock___dd_hash_mutex
                    0x1               /home/saeed/toolchain/gcc6/installNative/lib/gcc/arm-none-eabi/6.3.0/../../../../arm-none-eabi/lib/libc.a(lib_a-lock.o)
__lock___tz_mutex   0x1               /home/saeed/toolchain/gcc6/installNative/lib/gcc/arm-none-eabi/6.3.0/../../../../arm-none-eabi/lib/libc.a(lib_a-lock.o)
__lock___sfp_recursive_mutex
                    0x1               /home/saeed/toolchain/gcc6/installNative/lib/gcc/arm-none-eabi/6.3.0/../../../../arm-none-eabi/lib/libc.a(lib_a-lock.o)

Discarded input sections

 .text          0x0000000000000000        0x0 /home/saeed/toolchain/gcc6/installNative/lib/gcc/arm-none-eabi/6.3.0/crti.o
 .data          0x0000000000000000        0x0 /home/saeed/toolchain/gcc6/installNative/lib/gcc/arm-none-eabi/6.3.0/crti.o
 .bss           0x0000000000000000        0x0 /home/saeed/toolchain/gcc6/installNative/lib/gcc/arm-none-eabi/6.3.0/crti.o
 .text          0x0000000000000000        0x0 /home/saeed/toolchain/gcc6/installNative/lib/gcc/arm-none-eabi/6.3.0/crtbegin.o
 .data          0x0000000000000000        0x0 /home/saeed/toolchain/gcc6/installNative/lib/gcc/arm-none-eabi/6.3.0/crtbegin.o
 .bss           0x0000000000000000        0x0 /home/saeed/toolchain/gcc6/installNative/lib/gcc/arm-none-eabi/6.3.0/crtbegin.o
 .data.__dso_handle
                0x0000000000000000        0x4 /home/saeed/toolchain/gcc6/installNative/lib/gcc/arm-none-eabi/6.3.0/crtbegin.o
 .text          0x0000000000000000      0x104 /home/saeed/toolchain/gcc6/installNative/lib/gcc/arm-none-eabi/6.3.0/../../../../arm-none-eabi/lib/crt0.o
 .data          0x0000000000000000        0x0 /home/saeed/toolchain/gcc6/installNative/lib/gcc/arm-none-eabi/6.3.0/../../../../arm-none-eabi/lib/crt0.o
 .bss           0x0000000000000000        0x0 /home/saeed/toolchain/gcc6/installNative/lib/gcc/arm-none-eabi/6.3.0/../../../../arm-none-eabi/lib/crt0.o
 .ARM.extab     0x0000000000000000        0x0 /home/saeed/toolchain/gcc6/installNative/lib/gcc/arm-none-eabi/6.3.0/../../../../arm-none-eabi/lib/crt0.o
 .ARM.exidx     0x0000000000000000        0x8 /home/saeed/toolchain/gcc6/installNative/lib/gcc/arm-none-eabi/6.3.0/../../../../arm-none-eabi/lib/crt0.o
 .debug_line    0x0000000000000000       0xbf /home/saeed/toolchain/gcc6/installNative/lib/gcc/arm-none-eabi/6.3.0/../../../../arm-none-eabi/lib/crt0.o
 .debug_info    0x0000000000000000       0xcb /home/saeed/toolchain/gcc6/installNative/lib/gcc/arm-none-eabi/6.3.0/../../../../arm-none-eabi/lib/crt0.o
 .debug_abbrev  0x0000000000000000       0x14 /home/saeed/toolchain/gcc6/installNative/lib/gcc/arm-none-eabi/6.3.0/../../../../arm-none-eabi/lib/crt0.o
 .debug_aranges
                0x0000000000000000       0x20 /home/saeed/toolchain/gcc6/installNative/lib/gcc/arm-none-eabi/6.3.0/../../../../arm-none-eabi/lib/crt0.o
 .ARM.attributes
                0x0000000000000000       0x14 /home/saeed/toolchain/gcc6/installNative/lib/gcc/arm-none-eabi/6.3.0/../../../../arm-none-eabi/lib/crt0.o
 .group         0x0000000000000000        0x8 build/src/main.o
 .group         0x0000000000000000        0x8 build/src/main.o
 .group         0x0000000000000000        0x8 build/src/main.o
 .group         0x0000000000000000        0x8 build/src/main.o
 .group         0x0000000000000000        0x8 build/src/main.o
 .group         0x0000000000000000        0x8 build/src/main.o
 .group         0x0000000000000000        0x8 build/src/main.o
 .group         0x0000000000000000        0x8 build/src/main.o
 .group         0x0000000000000000        0x8 build/src/main.o
 .group         0x0000000000000000        0x8 build/src/main.o
 .group         0x0000000000000000        0x8 build/src/main.o
 .group         0x0000000000000000        0x8 build/src/main.o
 .group         0x0000000000000000        0x8 build/src/main.o
 .group         0x0000000000000000        0x8 build/src/main.o
 .group         0x0000000000000000        0x8 build/src/main.o
 .group         0x0000000000000000        0x8 build/src/main.o
 .group         0x0000000000000000        0x8 build/src/main.o
 .group         0x0000000000000000        0x8 build/src/main.o
 .group         0x0000000000000000        0x8 build/src/main.o
 .group         0x0000000000000000        0x8 build/src/main.o
 .group         0x0000000000000000        0x8 build/src/main.o
 .group         0x0000000000000000        0x8 build/src/main.o
 .group         0x0000000000000000        0x8 build/src/main.o
 .group         0x0000000000000000        0x8 build/src/main.o
 .group         0x0000000000000000        0x8 build/src/main.o
 .group         0x0000000000000000        0x8 build/src/main.o
 .group         0x0000000000000000        0x8 build/src/main.o
 .group         0x0000000000000000        0x8 build/src/main.o
 .group         0x0000000000000000        0x8 build/src/main.o
 .group         0x0000000000000000        0x8 build/src/main.o
 .group         0x0000000000000000        0x8 build/src/main.o
 .group         0x0000000000000000        0x8 build/src/main.o
 .group         0x0000000000000000        0x8 build/src/main.o
 .group         0x0000000000000000        0x8 build/src/main.o
 .group         0x0000000000000000        0x8 build/src/main.o
 .text          0x0000000000000000        0x0 build/src/main.o
 .data          0x0000000000000000        0x0 build/src/main.o
 .bss           0x0000000000000000        0x0 build/src/main.o
 .text          0x0000000000000000       0x14 build/src/startup.o
 .data          0x0000000000000000        0x0 build/src/startup.o
 .bss           0x0000000000000000        0x0 build/src/startup.o
 .group         0x0000000000000000        0x8 build/uart/src/uart_init.o
 .group         0x0000000000000000        0x8 build/uart/src/uart_init.o
 .group         0x0000000000000000        0x8 build/uart/src/uart_init.o
 .group         0x0000000000000000        0x8 build/uart/src/uart_init.o
 .group         0x0000000000000000        0x8 build/uart/src/uart_init.o
 .group         0x0000000000000000        0x8 build/uart/src/uart_init.o
 .group         0x0000000000000000        0x8 build/uart/src/uart_init.o
 .group         0x0000000000000000        0x8 build/uart/src/uart_init.o
 .group         0x0000000000000000        0x8 build/uart/src/uart_init.o
 .group         0x0000000000000000        0x8 build/uart/src/uart_init.o
 .group         0x0000000000000000        0x8 build/uart/src/uart_init.o
 .group         0x0000000000000000        0x8 build/uart/src/uart_init.o
 .group         0x0000000000000000        0x8 build/uart/src/uart_init.o
 .group         0x0000000000000000        0x8 build/uart/src/uart_init.o
 .group         0x0000000000000000        0x8 build/uart/src/uart_init.o
 .group         0x0000000000000000        0x8 build/uart/src/uart_init.o
 .group         0x0000000000000000        0x8 build/uart/src/uart_init.o
 .group         0x0000000000000000        0x8 build/uart/src/uart_init.o
 .group         0x0000000000000000        0x8 build/uart/src/uart_init.o
 .group         0x0000000000000000        0x8 build/uart/src/uart_init.o
 .group         0x0000000000000000        0x8 build/uart/src/uart_init.o
 .group         0x0000000000000000        0x8 build/uart/src/uart_init.o
 .group         0x0000000000000000        0x8 build/uart/src/uart_init.o
 .group         0x0000000000000000        0x8 build/uart/src/uart_init.o
 .group         0x0000000000000000        0x8 build/uart/src/uart_init.o
 .group         0x0000000000000000        0x8 build/uart/src/uart_init.o
 .group         0x0000000000000000        0x8 build/uart/src/uart_init.o
 .group         0x0000000000000000        0x8 build/uart/src/uart_init.o
 .group         0x0000000000000000        0x8 build/uart/src/uart_init.o
 .group         0x0000000000000000        0x8 build/uart/src/uart_init.o
 .group         0x0000000000000000        0x8 build/uart/src/uart_init.o
 .group         0x0000000000000000        0x8 build/uart/src/uart_init.o
 .group         0x0000000000000000        0x8 build/uart/src/uart_init.o
 .group         0x0000000000000000        0x8 build/uart/src/uart_init.o
 .group         0x0000000000000000        0x8 build/uart/src/uart_init.o
 .text          0x0000000000000000        0x0 build/uart/src/uart_init.o
 .data          0x0000000000000000        0x0 build/uart/src/uart_init.o
 .bss           0x0000000000000000        0x0 build/uart/src/uart_init.o
 .debug_macro   0x0000000000000000      0x8c8 build/uart/src/uart_init.o
 .debug_macro   0x0000000000000000       0x22 build/uart/src/uart_init.o
 .debug_macro   0x0000000000000000       0x22 build/uart/src/uart_init.o
 .debug_macro   0x0000000000000000       0x40 build/uart/src/uart_init.o
 .debug_macro   0x0000000000000000       0x8d build/uart/src/uart_init.o
 .debug_macro   0x0000000000000000       0x3c build/uart/src/uart_init.o
 .debug_macro   0x0000000000000000       0x9c build/uart/src/uart_init.o
 .debug_macro   0x0000000000000000       0x16 build/uart/src/uart_init.o
 .debug_macro   0x0000000000000000       0x57 build/uart/src/uart_init.o
 .debug_macro   0x0000000000000000       0x97 build/uart/src/uart_init.o
 .debug_macro   0x0000000000000000      0x30d build/uart/src/uart_init.o
 .debug_macro   0x0000000000000000       0xfd build/uart/src/uart_init.o
 .debug_macro   0x0000000000000000       0x10 build/uart/src/uart_init.o
 .debug_macro   0x0000000000000000       0x58 build/uart/src/uart_init.o
 .debug_macro   0x0000000000000000       0x1f build/uart/src/uart_init.o
 .debug_macro   0x0000000000000000       0x43 build/uart/src/uart_init.o
 .debug_macro   0x0000000000000000       0x20 build/uart/src/uart_init.o
 .debug_macro   0x0000000000000000      0x1a3 build/uart/src/uart_init.o
 .debug_macro   0x0000000000000000       0x10 build/uart/src/uart_init.o
 .debug_macro   0x0000000000000000       0x6a build/uart/src/uart_init.o
 .debug_macro   0x0000000000000000       0x1c build/uart/src/uart_init.o
 .debug_macro   0x0000000000000000       0x52 build/uart/src/uart_init.o
 .debug_macro   0x0000000000000000       0x40 build/uart/src/uart_init.o
 .debug_macro   0x0000000000000000       0x10 build/uart/src/uart_init.o
 .debug_macro   0x0000000000000000       0x40 build/uart/src/uart_init.o
 .debug_macro   0x0000000000000000       0xd7 build/uart/src/uart_init.o
 .debug_macro   0x0000000000000000       0x16 build/uart/src/uart_init.o
 .debug_macro   0x0000000000000000      0x161 build/uart/src/uart_init.o
 .debug_macro   0x0000000000000000       0xef build/uart/src/uart_init.o
 .debug_macro   0x0000000000000000      0x1df build/uart/src/uart_init.o
 .debug_macro   0x0000000000000000       0x10 build/uart/src/uart_init.o
 .debug_macro   0x0000000000000000       0x16 build/uart/src/uart_init.o
 .debug_macro   0x0000000000000000       0x40 build/uart/src/uart_init.o
 .debug_macro   0x0000000000000000       0x22 build/uart/src/uart_init.o
 .debug_macro   0x0000000000000000       0x16 build/uart/src/uart_init.o
 .group         0x0000000000000000        0x8 build/system/src/system_init.o
 .group         0x0000000000000000        0x8 build/system/src/system_init.o
 .group         0x0000000000000000        0x8 build/system/src/system_init.o
 .group         0x0000000000000000        0x8 build/system/src/system_init.o
 .group         0x0000000000000000        0x8 build/system/src/system_init.o
 .group         0x0000000000000000        0x8 build/system/src/system_init.o
 .group         0x0000000000000000        0x8 build/system/src/system_init.o
 .group         0x0000000000000000        0x8 build/system/src/system_init.o
 .group         0x0000000000000000        0x8 build/system/src/system_init.o
 .group         0x0000000000000000        0x8 build/system/src/system_init.o
 .group         0x0000000000000000        0x8 build/system/src/system_init.o
 .group         0x0000000000000000        0x8 build/system/src/system_init.o
 .group         0x0000000000000000        0x8 build/system/src/system_init.o
 .group         0x0000000000000000        0x8 build/system/src/system_init.o
 .group         0x0000000000000000        0x8 build/system/src/system_init.o
 .group         0x0000000000000000        0x8 build/system/src/system_init.o
 .group         0x0000000000000000        0x8 build/system/src/system_init.o
 .group         0x0000000000000000        0x8 build/system/src/system_init.o
 .group         0x0000000000000000        0x8 build/system/src/system_init.o
 .group         0x0000000000000000        0x8 build/system/src/system_init.o
 .group         0x0000000000000000        0x8 build/system/src/system_init.o
 .group         0x0000000000000000        0x8 build/system/src/system_init.o
 .group         0x0000000000000000        0x8 build/system/src/system_init.o
 .group         0x0000000000000000        0x8 build/system/src/system_init.o
 .group         0x0000000000000000        0x8 build/system/src/system_init.o
 .group         0x0000000000000000        0x8 build/system/src/system_init.o
 .group         0x0000000000000000        0x8 build/system/src/system_init.o
 .group         0x0000000000000000        0x8 build/system/src/system_init.o
 .group         0x0000000000000000        0x8 build/system/src/system_init.o
 .group         0x0000000000000000        0x8 build/system/src/system_init.o
 .group         0x0000000000000000        0x8 build/system/src/system_init.o
 .group         0x0000000000000000        0x8 build/system/src/system_init.o
 .group         0x0000000000000000        0x8 build/system/src/system_init.o
 .group         0x0000000000000000        0x8 build/system/src/system_init.o
 .group         0x0000000000000000        0x8 build/system/src/system_init.o
 .text          0x0000000000000000        0x0 build/system/src/system_init.o
 .data          0x0000000000000000        0x0 build/system/src/system_init.o
 .bss           0x0000000000000000        0x0 build/system/src/system_init.o
 .debug_macro   0x0000000000000000      0x8c8 build/system/src/system_init.o
 .debug_macro   0x0000000000000000       0x22 build/system/src/system_init.o
 .debug_macro   0x0000000000000000       0x22 build/system/src/system_init.o
 .debug_macro   0x0000000000000000       0x40 build/system/src/system_init.o
 .debug_macro   0x0000000000000000       0x8d build/system/src/system_init.o
 .debug_macro   0x0000000000000000       0x3c build/system/src/system_init.o
 .debug_macro   0x0000000000000000       0x9c build/system/src/system_init.o
 .debug_macro   0x0000000000000000       0x16 build/system/src/system_init.o
 .debug_macro   0x0000000000000000       0x57 build/system/src/system_init.o
 .debug_macro   0x0000000000000000       0x97 build/system/src/system_init.o
 .debug_macro   0x0000000000000000      0x30d build/system/src/system_init.o
 .debug_macro   0x0000000000000000       0xfd build/system/src/system_init.o
 .debug_macro   0x0000000000000000       0x10 build/system/src/system_init.o
 .debug_macro   0x0000000000000000       0x58 build/system/src/system_init.o
 .debug_macro   0x0000000000000000       0x1f build/system/src/system_init.o
 .debug_macro   0x0000000000000000       0x43 build/system/src/system_init.o
 .debug_macro   0x0000000000000000       0x20 build/system/src/system_init.o
 .debug_macro   0x0000000000000000      0x1a3 build/system/src/system_init.o
 .debug_macro   0x0000000000000000       0x10 build/system/src/system_init.o
 .debug_macro   0x0000000000000000       0x6a build/system/src/system_init.o
 .debug_macro   0x0000000000000000       0x1c build/system/src/system_init.o
 .debug_macro   0x0000000000000000       0x52 build/system/src/system_init.o
 .debug_macro   0x0000000000000000       0x40 build/system/src/system_init.o
 .debug_macro   0x0000000000000000       0x10 build/system/src/system_init.o
 .debug_macro   0x0000000000000000       0x40 build/system/src/system_init.o
 .debug_macro   0x0000000000000000       0xd7 build/system/src/system_init.o
 .debug_macro   0x0000000000000000       0x16 build/system/src/system_init.o
 .debug_macro   0x0000000000000000      0x161 build/system/src/system_init.o
 .debug_macro   0x0000000000000000       0xef build/system/src/system_init.o
 .debug_macro   0x0000000000000000      0x1df build/system/src/system_init.o
 .debug_macro   0x0000000000000000       0x10 build/system/src/system_init.o
 .debug_macro   0x0000000000000000       0x16 build/system/src/system_init.o
 .debug_macro   0x0000000000000000       0x40 build/system/src/system_init.o
 .debug_macro   0x0000000000000000       0x22 build/system/src/system_init.o
 .debug_macro   0x0000000000000000       0x16 build/system/src/system_init.o
 .group         0x0000000000000000        0x8 build/cli/src/cli_communitcate.o
 .group         0x0000000000000000        0x8 build/cli/src/cli_communitcate.o
 .group         0x0000000000000000        0x8 build/cli/src/cli_communitcate.o
 .group         0x0000000000000000        0x8 build/cli/src/cli_communitcate.o
 .group         0x0000000000000000        0x8 build/cli/src/cli_communitcate.o
 .group         0x0000000000000000        0x8 build/cli/src/cli_communitcate.o
 .group         0x0000000000000000        0x8 build/cli/src/cli_communitcate.o
 .group         0x0000000000000000        0x8 build/cli/src/cli_communitcate.o
 .group         0x0000000000000000        0x8 build/cli/src/cli_communitcate.o
 .group         0x0000000000000000        0x8 build/cli/src/cli_communitcate.o
 .group         0x0000000000000000        0x8 build/cli/src/cli_communitcate.o
 .group         0x0000000000000000        0x8 build/cli/src/cli_communitcate.o
 .group         0x0000000000000000        0x8 build/cli/src/cli_communitcate.o
 .group         0x0000000000000000        0x8 build/cli/src/cli_communitcate.o
 .group         0x0000000000000000        0x8 build/cli/src/cli_communitcate.o
 .group         0x0000000000000000        0x8 build/cli/src/cli_communitcate.o
 .group         0x0000000000000000        0x8 build/cli/src/cli_communitcate.o
 .group         0x0000000000000000        0x8 build/cli/src/cli_communitcate.o
 .group         0x0000000000000000        0x8 build/cli/src/cli_communitcate.o
 .group         0x0000000000000000        0x8 build/cli/src/cli_communitcate.o
 .group         0x0000000000000000        0x8 build/cli/src/cli_communitcate.o
 .group         0x0000000000000000        0x8 build/cli/src/cli_communitcate.o
 .group         0x0000000000000000        0x8 build/cli/src/cli_communitcate.o
 .group         0x0000000000000000        0x8 build/cli/src/cli_communitcate.o
 .group         0x0000000000000000        0x8 build/cli/src/cli_communitcate.o
 .group         0x0000000000000000        0x8 build/cli/src/cli_communitcate.o
 .group         0x0000000000000000        0x8 build/cli/src/cli_communitcate.o
 .group         0x0000000000000000        0x8 build/cli/src/cli_communitcate.o
 .group         0x0000000000000000        0x8 build/cli/src/cli_communitcate.o
 .group         0x0000000000000000        0x8 build/cli/src/cli_communitcate.o
 .group         0x0000000000000000        0x8 build/cli/src/cli_communitcate.o
 .group         0x0000000000000000        0x8 build/cli/src/cli_communitcate.o
 .group         0x0000000000000000        0x8 build/cli/src/cli_communitcate.o
 .group         0x0000000000000000        0x8 build/cli/src/cli_communitcate.o
 .group         0x0000000000000000        0x8 build/cli/src/cli_communitcate.o
 .text          0x0000000000000000        0x0 build/cli/src/cli_communitcate.o
 .data          0x0000000000000000        0x0 build/cli/src/cli_communitcate.o
 .bss           0x0000000000000000        0x0 build/cli/src/cli_communitcate.o
 .text.read_uart
                0x0000000000000000       0x14 build/cli/src/cli_communitcate.o
 .debug_macro   0x0000000000000000      0x8c8 build/cli/src/cli_communitcate.o
 .debug_macro   0x0000000000000000       0x22 build/cli/src/cli_communitcate.o
 .debug_macro   0x0000000000000000       0x22 build/cli/src/cli_communitcate.o
 .debug_macro   0x0000000000000000       0x40 build/cli/src/cli_communitcate.o
 .debug_macro   0x0000000000000000       0x8d build/cli/src/cli_communitcate.o
 .debug_macro   0x0000000000000000       0x3c build/cli/src/cli_communitcate.o
 .debug_macro   0x0000000000000000       0x9c build/cli/src/cli_communitcate.o
 .debug_macro   0x0000000000000000       0x16 build/cli/src/cli_communitcate.o
 .debug_macro   0x0000000000000000       0x57 build/cli/src/cli_communitcate.o
 .debug_macro   0x0000000000000000       0x97 build/cli/src/cli_communitcate.o
 .debug_macro   0x0000000000000000      0x30d build/cli/src/cli_communitcate.o
 .debug_macro   0x0000000000000000       0xfd build/cli/src/cli_communitcate.o
 .debug_macro   0x0000000000000000       0x10 build/cli/src/cli_communitcate.o
 .debug_macro   0x0000000000000000       0x58 build/cli/src/cli_communitcate.o
 .debug_macro   0x0000000000000000       0x1f build/cli/src/cli_communitcate.o
 .debug_macro   0x0000000000000000       0x43 build/cli/src/cli_communitcate.o
 .debug_macro   0x0000000000000000       0x20 build/cli/src/cli_communitcate.o
 .debug_macro   0x0000000000000000      0x1a3 build/cli/src/cli_communitcate.o
 .debug_macro   0x0000000000000000       0x10 build/cli/src/cli_communitcate.o
 .debug_macro   0x0000000000000000       0x6a build/cli/src/cli_communitcate.o
 .debug_macro   0x0000000000000000       0x1c build/cli/src/cli_communitcate.o
 .debug_macro   0x0000000000000000       0x52 build/cli/src/cli_communitcate.o
 .debug_macro   0x0000000000000000       0x40 build/cli/src/cli_communitcate.o
 .debug_macro   0x0000000000000000       0x10 build/cli/src/cli_communitcate.o
 .debug_macro   0x0000000000000000       0x40 build/cli/src/cli_communitcate.o
 .debug_macro   0x0000000000000000       0xd7 build/cli/src/cli_communitcate.o
 .debug_macro   0x0000000000000000       0x16 build/cli/src/cli_communitcate.o
 .debug_macro   0x0000000000000000      0x161 build/cli/src/cli_communitcate.o
 .debug_macro   0x0000000000000000       0xef build/cli/src/cli_communitcate.o
 .debug_macro   0x0000000000000000      0x1df build/cli/src/cli_communitcate.o
 .debug_macro   0x0000000000000000       0x10 build/cli/src/cli_communitcate.o
 .debug_macro   0x0000000000000000       0x16 build/cli/src/cli_communitcate.o
 .debug_macro   0x0000000000000000       0x40 build/cli/src/cli_communitcate.o
 .debug_macro   0x0000000000000000       0x22 build/cli/src/cli_communitcate.o
 .debug_macro   0x0000000000000000       0x16 build/cli/src/cli_communitcate.o
 .data          0x0000000000000000        0x0 build/multi_task/src/context_switch.o
 .bss           0x0000000000000000        0x0 build/multi_task/src/context_switch.o
 .group         0x0000000000000000        0x8 build/multi_task/src/task.o
 .group         0x0000000000000000        0x8 build/multi_task/src/task.o
 .group         0x0000000000000000        0x8 build/multi_task/src/task.o
 .group         0x0000000000000000        0x8 build/multi_task/src/task.o
 .group         0x0000000000000000        0x8 build/multi_task/src/task.o
 .group         0x0000000000000000        0x8 build/multi_task/src/task.o
 .group         0x0000000000000000        0x8 build/multi_task/src/task.o
 .group         0x0000000000000000        0x8 build/multi_task/src/task.o
 .group         0x0000000000000000        0x8 build/multi_task/src/task.o
 .group         0x0000000000000000        0x8 build/multi_task/src/task.o
 .group         0x0000000000000000        0x8 build/multi_task/src/task.o
 .group         0x0000000000000000        0x8 build/multi_task/src/task.o
 .group         0x0000000000000000        0x8 build/multi_task/src/task.o
 .group         0x0000000000000000        0x8 build/multi_task/src/task.o
 .group         0x0000000000000000        0x8 build/multi_task/src/task.o
 .group         0x0000000000000000        0x8 build/multi_task/src/task.o
 .group         0x0000000000000000        0x8 build/multi_task/src/task.o
 .group         0x0000000000000000        0x8 build/multi_task/src/task.o
 .group         0x0000000000000000        0x8 build/multi_task/src/task.o
 .group         0x0000000000000000        0x8 build/multi_task/src/task.o
 .group         0x0000000000000000        0x8 build/multi_task/src/task.o
 .group         0x0000000000000000        0x8 build/multi_task/src/task.o
 .group         0x0000000000000000        0x8 build/multi_task/src/task.o
 .group         0x0000000000000000        0x8 build/multi_task/src/task.o
 .group         0x0000000000000000        0x8 build/multi_task/src/task.o
 .group         0x0000000000000000        0x8 build/multi_task/src/task.o
 .group         0x0000000000000000        0x8 build/multi_task/src/task.o
 .group         0x0000000000000000        0x8 build/multi_task/src/task.o
 .group         0x0000000000000000        0x8 build/multi_task/src/task.o
 .group         0x0000000000000000        0x8 build/multi_task/src/task.o
 .group         0x0000000000000000        0x8 build/multi_task/src/task.o
 .text          0x0000000000000000        0x0 build/multi_task/src/task.o
 .data          0x0000000000000000        0x0 build/multi_task/src/task.o
 .bss           0x0000000000000000        0x0 build/multi_task/src/task.o
 .debug_info    0x0000000000000000      0x893 build/multi_task/src/task.o
 .debug_abbrev  0x0000000000000000      0x147 build/multi_task/src/task.o
 .debug_aranges
                0x0000000000000000       0x18 build/multi_task/src/task.o
 .debug_macro   0x0000000000000000      0x1bd build/multi_task/src/task.o
 .debug_macro   0x0000000000000000      0x8c8 build/multi_task/src/task.o
 .debug_macro   0x0000000000000000       0x22 build/multi_task/src/task.o
 .debug_macro   0x0000000000000000       0x22 build/multi_task/src/task.o
 .debug_macro   0x0000000000000000       0x40 build/multi_task/src/task.o
 .debug_macro   0x0000000000000000       0x8d build/multi_task/src/task.o
 .debug_macro   0x0000000000000000       0x3c build/multi_task/src/task.o
 .debug_macro   0x0000000000000000       0x9c build/multi_task/src/task.o
 .debug_macro   0x0000000000000000       0x16 build/multi_task/src/task.o
 .debug_macro   0x0000000000000000       0x57 build/multi_task/src/task.o
 .debug_macro   0x0000000000000000       0x97 build/multi_task/src/task.o
 .debug_macro   0x0000000000000000      0x30d build/multi_task/src/task.o
 .debug_macro   0x0000000000000000       0xfd build/multi_task/src/task.o
 .debug_macro   0x0000000000000000       0x10 build/multi_task/src/task.o
 .debug_macro   0x0000000000000000       0x58 build/multi_task/src/task.o
 .debug_macro   0x0000000000000000       0x1f build/multi_task/src/task.o
 .debug_macro   0x0000000000000000       0x43 build/multi_task/src/task.o
 .debug_macro   0x0000000000000000       0x20 build/multi_task/src/task.o
 .debug_macro   0x0000000000000000      0x1a3 build/multi_task/src/task.o
 .debug_macro   0x0000000000000000       0x10 build/multi_task/src/task.o
 .debug_macro   0x0000000000000000       0x6a build/multi_task/src/task.o
 .debug_macro   0x0000000000000000       0x1c build/multi_task/src/task.o
 .debug_macro   0x0000000000000000       0x52 build/multi_task/src/task.o
 .debug_macro   0x0000000000000000       0x40 build/multi_task/src/task.o
 .debug_macro   0x0000000000000000       0x10 build/multi_task/src/task.o
 .debug_macro   0x0000000000000000       0x40 build/multi_task/src/task.o
 .debug_macro   0x0000000000000000       0xd7 build/multi_task/src/task.o
 .debug_macro   0x0000000000000000       0x16 build/multi_task/src/task.o
 .debug_macro   0x0000000000000000      0x161 build/multi_task/src/task.o
 .debug_macro   0x0000000000000000       0xef build/multi_task/src/task.o
 .debug_macro   0x0000000000000000      0x1df build/multi_task/src/task.o
 .debug_macro   0x0000000000000000       0x10 build/multi_task/src/task.o
 .debug_line    0x0000000000000000      0x2f8 build/multi_task/src/task.o
 .debug_str     0x0000000000000000     0x79e5 build/multi_task/src/task.o
 .comment       0x0000000000000000       0x26 build/multi_task/src/task.o
 .ARM.attributes
                0x0000000000000000       0x37 build/multi_task/src/task.o
 .text          0x0000000000000000        0x0 /home/saeed/toolchain/gcc6/installNative/lib/gcc/arm-none-eabi/6.3.0/../../../../arm-none-eabi/lib/libc.a(lib_a-atexit.o)
 .data          0x0000000000000000        0x0 /home/saeed/toolchain/gcc6/installNative/lib/gcc/arm-none-eabi/6.3.0/../../../../arm-none-eabi/lib/libc.a(lib_a-atexit.o)
 .bss           0x0000000000000000        0x0 /home/saeed/toolchain/gcc6/installNative/lib/gcc/arm-none-eabi/6.3.0/../../../../arm-none-eabi/lib/libc.a(lib_a-atexit.o)
 .text.atexit   0x0000000000000000       0x20 /home/saeed/toolchain/gcc6/installNative/lib/gcc/arm-none-eabi/6.3.0/../../../../arm-none-eabi/lib/libc.a(lib_a-atexit.o)
 .debug_info    0x0000000000000000      0x914 /home/saeed/toolchain/gcc6/installNative/lib/gcc/arm-none-eabi/6.3.0/../../../../arm-none-eabi/lib/libc.a(lib_a-atexit.o)
 .debug_abbrev  0x0000000000000000      0x1c4 /home/saeed/toolchain/gcc6/installNative/lib/gcc/arm-none-eabi/6.3.0/../../../../arm-none-eabi/lib/libc.a(lib_a-atexit.o)
 .debug_loc     0x0000000000000000       0x2c /home/saeed/toolchain/gcc6/installNative/lib/gcc/arm-none-eabi/6.3.0/../../../../arm-none-eabi/lib/libc.a(lib_a-atexit.o)
 .debug_aranges
                0x0000000000000000       0x20 /home/saeed/toolchain/gcc6/installNative/lib/gcc/arm-none-eabi/6.3.0/../../../../arm-none-eabi/lib/libc.a(lib_a-atexit.o)
 .debug_ranges  0x0000000000000000       0x10 /home/saeed/toolchain/gcc6/installNative/lib/gcc/arm-none-eabi/6.3.0/../../../../arm-none-eabi/lib/libc.a(lib_a-atexit.o)
 .debug_line    0x0000000000000000      0x1b8 /home/saeed/toolchain/gcc6/installNative/lib/gcc/arm-none-eabi/6.3.0/../../../../arm-none-eabi/lib/libc.a(lib_a-atexit.o)
 .debug_str     0x0000000000000000      0x5a7 /home/saeed/toolchain/gcc6/installNative/lib/gcc/arm-none-eabi/6.3.0/../../../../arm-none-eabi/lib/libc.a(lib_a-atexit.o)
 .comment       0x0000000000000000       0x26 /home/saeed/toolchain/gcc6/installNative/lib/gcc/arm-none-eabi/6.3.0/../../../../arm-none-eabi/lib/libc.a(lib_a-atexit.o)
 .debug_frame   0x0000000000000000       0x2c /home/saeed/toolchain/gcc6/installNative/lib/gcc/arm-none-eabi/6.3.0/../../../../arm-none-eabi/lib/libc.a(lib_a-atexit.o)
 .ARM.attributes
                0x0000000000000000       0x30 /home/saeed/toolchain/gcc6/installNative/lib/gcc/arm-none-eabi/6.3.0/../../../../arm-none-eabi/lib/libc.a(lib_a-atexit.o)
 .text          0x0000000000000000        0x0 /home/saeed/toolchain/gcc6/installNative/lib/gcc/arm-none-eabi/6.3.0/../../../../arm-none-eabi/lib/libc.a(lib_a-exit.o)
 .data          0x0000000000000000        0x0 /home/saeed/toolchain/gcc6/installNative/lib/gcc/arm-none-eabi/6.3.0/../../../../arm-none-eabi/lib/libc.a(lib_a-exit.o)
 .bss           0x0000000000000000        0x0 /home/saeed/toolchain/gcc6/installNative/lib/gcc/arm-none-eabi/6.3.0/../../../../arm-none-eabi/lib/libc.a(lib_a-exit.o)
 .text.exit     0x0000000000000000       0x34 /home/saeed/toolchain/gcc6/installNative/lib/gcc/arm-none-eabi/6.3.0/../../../../arm-none-eabi/lib/libc.a(lib_a-exit.o)
 .debug_info    0x0000000000000000      0x94a /home/saeed/toolchain/gcc6/installNative/lib/gcc/arm-none-eabi/6.3.0/../../../../arm-none-eabi/lib/libc.a(lib_a-exit.o)
 .debug_abbrev  0x0000000000000000      0x1b8 /home/saeed/toolchain/gcc6/installNative/lib/gcc/arm-none-eabi/6.3.0/../../../../arm-none-eabi/lib/libc.a(lib_a-exit.o)
 .debug_loc     0x0000000000000000       0x1e /home/saeed/toolchain/gcc6/installNative/lib/gcc/arm-none-eabi/6.3.0/../../../../arm-none-eabi/lib/libc.a(lib_a-exit.o)
 .debug_aranges
                0x0000000000000000       0x20 /home/saeed/toolchain/gcc6/installNative/lib/gcc/arm-none-eabi/6.3.0/../../../../arm-none-eabi/lib/libc.a(lib_a-exit.o)
 .debug_ranges  0x0000000000000000       0x10 /home/saeed/toolchain/gcc6/installNative/lib/gcc/arm-none-eabi/6.3.0/../../../../arm-none-eabi/lib/libc.a(lib_a-exit.o)
 .debug_line    0x0000000000000000      0x1c6 /home/saeed/toolchain/gcc6/installNative/lib/gcc/arm-none-eabi/6.3.0/../../../../arm-none-eabi/lib/libc.a(lib_a-exit.o)
 .debug_str     0x0000000000000000      0x5a8 /home/saeed/toolchain/gcc6/installNative/lib/gcc/arm-none-eabi/6.3.0/../../../../arm-none-eabi/lib/libc.a(lib_a-exit.o)
 .comment       0x0000000000000000       0x26 /home/saeed/toolchain/gcc6/installNative/lib/gcc/arm-none-eabi/6.3.0/../../../../arm-none-eabi/lib/libc.a(lib_a-exit.o)
 .debug_frame   0x0000000000000000       0x28 /home/saeed/toolchain/gcc6/installNative/lib/gcc/arm-none-eabi/6.3.0/../../../../arm-none-eabi/lib/libc.a(lib_a-exit.o)
 .ARM.attributes
                0x0000000000000000       0x30 /home/saeed/toolchain/gcc6/installNative/lib/gcc/arm-none-eabi/6.3.0/../../../../arm-none-eabi/lib/libc.a(lib_a-exit.o)
 .text          0x0000000000000000        0x0 /home/saeed/toolchain/gcc6/installNative/lib/gcc/arm-none-eabi/6.3.0/../../../../arm-none-eabi/lib/libc.a(lib_a-fini.o)
 .data          0x0000000000000000        0x0 /home/saeed/toolchain/gcc6/installNative/lib/gcc/arm-none-eabi/6.3.0/../../../../arm-none-eabi/lib/libc.a(lib_a-fini.o)
 .bss           0x0000000000000000        0x0 /home/saeed/toolchain/gcc6/installNative/lib/gcc/arm-none-eabi/6.3.0/../../../../arm-none-eabi/lib/libc.a(lib_a-fini.o)
 .text.__libc_fini_array
                0x0000000000000000       0x48 /home/saeed/toolchain/gcc6/installNative/lib/gcc/arm-none-eabi/6.3.0/../../../../arm-none-eabi/lib/libc.a(lib_a-fini.o)
 .debug_info    0x0000000000000000       0xfa /home/saeed/toolchain/gcc6/installNative/lib/gcc/arm-none-eabi/6.3.0/../../../../arm-none-eabi/lib/libc.a(lib_a-fini.o)
 .debug_abbrev  0x0000000000000000       0xba /home/saeed/toolchain/gcc6/installNative/lib/gcc/arm-none-eabi/6.3.0/../../../../arm-none-eabi/lib/libc.a(lib_a-fini.o)
 .debug_loc     0x0000000000000000       0x5c /home/saeed/toolchain/gcc6/installNative/lib/gcc/arm-none-eabi/6.3.0/../../../../arm-none-eabi/lib/libc.a(lib_a-fini.o)
 .debug_aranges
                0x0000000000000000       0x20 /home/saeed/toolchain/gcc6/installNative/lib/gcc/arm-none-eabi/6.3.0/../../../../arm-none-eabi/lib/libc.a(lib_a-fini.o)
 .debug_ranges  0x0000000000000000       0x10 /home/saeed/toolchain/gcc6/installNative/lib/gcc/arm-none-eabi/6.3.0/../../../../arm-none-eabi/lib/libc.a(lib_a-fini.o)
 .debug_line    0x0000000000000000       0xe7 /home/saeed/toolchain/gcc6/installNative/lib/gcc/arm-none-eabi/6.3.0/../../../../arm-none-eabi/lib/libc.a(lib_a-fini.o)
 .debug_str     0x0000000000000000      0x1da /home/saeed/toolchain/gcc6/installNative/lib/gcc/arm-none-eabi/6.3.0/../../../../arm-none-eabi/lib/libc.a(lib_a-fini.o)
 .comment       0x0000000000000000       0x26 /home/saeed/toolchain/gcc6/installNative/lib/gcc/arm-none-eabi/6.3.0/../../../../arm-none-eabi/lib/libc.a(lib_a-fini.o)
 .debug_frame   0x0000000000000000       0x34 /home/saeed/toolchain/gcc6/installNative/lib/gcc/arm-none-eabi/6.3.0/../../../../arm-none-eabi/lib/libc.a(lib_a-fini.o)
 .ARM.attributes
                0x0000000000000000       0x30 /home/saeed/toolchain/gcc6/installNative/lib/gcc/arm-none-eabi/6.3.0/../../../../arm-none-eabi/lib/libc.a(lib_a-fini.o)
 .text          0x0000000000000000        0x0 /home/saeed/toolchain/gcc6/installNative/lib/gcc/arm-none-eabi/6.3.0/../../../../arm-none-eabi/lib/libc.a(lib_a-impure.o)
 .data          0x0000000000000000        0x0 /home/saeed/toolchain/gcc6/installNative/lib/gcc/arm-none-eabi/6.3.0/../../../../arm-none-eabi/lib/libc.a(lib_a-impure.o)
 .bss           0x0000000000000000        0x0 /home/saeed/toolchain/gcc6/installNative/lib/gcc/arm-none-eabi/6.3.0/../../../../arm-none-eabi/lib/libc.a(lib_a-impure.o)
 .data._impure_ptr
                0x0000000000000000        0x4 /home/saeed/toolchain/gcc6/installNative/lib/gcc/arm-none-eabi/6.3.0/../../../../arm-none-eabi/lib/libc.a(lib_a-impure.o)
 .data.impure_data
                0x0000000000000000       0x60 /home/saeed/toolchain/gcc6/installNative/lib/gcc/arm-none-eabi/6.3.0/../../../../arm-none-eabi/lib/libc.a(lib_a-impure.o)
 .rodata._global_impure_ptr
                0x0000000000000000        0x4 /home/saeed/toolchain/gcc6/installNative/lib/gcc/arm-none-eabi/6.3.0/../../../../arm-none-eabi/lib/libc.a(lib_a-impure.o)
 .debug_info    0x0000000000000000      0x8b2 /home/saeed/toolchain/gcc6/installNative/lib/gcc/arm-none-eabi/6.3.0/../../../../arm-none-eabi/lib/libc.a(lib_a-impure.o)
 .debug_abbrev  0x0000000000000000      0x15a /home/saeed/toolchain/gcc6/installNative/lib/gcc/arm-none-eabi/6.3.0/../../../../arm-none-eabi/lib/libc.a(lib_a-impure.o)
 .debug_aranges
                0x0000000000000000       0x18 /home/saeed/toolchain/gcc6/installNative/lib/gcc/arm-none-eabi/6.3.0/../../../../arm-none-eabi/lib/libc.a(lib_a-impure.o)
 .debug_line    0x0000000000000000      0x13f /home/saeed/toolchain/gcc6/installNative/lib/gcc/arm-none-eabi/6.3.0/../../../../arm-none-eabi/lib/libc.a(lib_a-impure.o)
 .debug_str     0x0000000000000000      0x55d /home/saeed/toolchain/gcc6/installNative/lib/gcc/arm-none-eabi/6.3.0/../../../../arm-none-eabi/lib/libc.a(lib_a-impure.o)
 .comment       0x0000000000000000       0x26 /home/saeed/toolchain/gcc6/installNative/lib/gcc/arm-none-eabi/6.3.0/../../../../arm-none-eabi/lib/libc.a(lib_a-impure.o)
 .ARM.attributes
                0x0000000000000000       0x30 /home/saeed/toolchain/gcc6/installNative/lib/gcc/arm-none-eabi/6.3.0/../../../../arm-none-eabi/lib/libc.a(lib_a-impure.o)
 .text          0x0000000000000000        0x0 /home/saeed/toolchain/gcc6/installNative/lib/gcc/arm-none-eabi/6.3.0/../../../../arm-none-eabi/lib/libc.a(lib_a-init.o)
 .data          0x0000000000000000        0x0 /home/saeed/toolchain/gcc6/installNative/lib/gcc/arm-none-eabi/6.3.0/../../../../arm-none-eabi/lib/libc.a(lib_a-init.o)
 .bss           0x0000000000000000        0x0 /home/saeed/toolchain/gcc6/installNative/lib/gcc/arm-none-eabi/6.3.0/../../../../arm-none-eabi/lib/libc.a(lib_a-init.o)
 .text.__libc_init_array
                0x0000000000000000       0x80 /home/saeed/toolchain/gcc6/installNative/lib/gcc/arm-none-eabi/6.3.0/../../../../arm-none-eabi/lib/libc.a(lib_a-init.o)
 .debug_info    0x0000000000000000      0x110 /home/saeed/toolchain/gcc6/installNative/lib/gcc/arm-none-eabi/6.3.0/../../../../arm-none-eabi/lib/libc.a(lib_a-init.o)
 .debug_abbrev  0x0000000000000000       0xba /home/saeed/toolchain/gcc6/installNative/lib/gcc/arm-none-eabi/6.3.0/../../../../arm-none-eabi/lib/libc.a(lib_a-init.o)
 .debug_loc     0x0000000000000000       0xa2 /home/saeed/toolchain/gcc6/installNative/lib/gcc/arm-none-eabi/6.3.0/../../../../arm-none-eabi/lib/libc.a(lib_a-init.o)
 .debug_aranges
                0x0000000000000000       0x20 /home/saeed/toolchain/gcc6/installNative/lib/gcc/arm-none-eabi/6.3.0/../../../../arm-none-eabi/lib/libc.a(lib_a-init.o)
 .debug_ranges  0x0000000000000000       0x10 /home/saeed/toolchain/gcc6/installNative/lib/gcc/arm-none-eabi/6.3.0/../../../../arm-none-eabi/lib/libc.a(lib_a-init.o)
 .debug_line    0x0000000000000000      0x101 /home/saeed/toolchain/gcc6/installNative/lib/gcc/arm-none-eabi/6.3.0/../../../../arm-none-eabi/lib/libc.a(lib_a-init.o)
 .debug_str     0x0000000000000000      0x204 /home/saeed/toolchain/gcc6/installNative/lib/gcc/arm-none-eabi/6.3.0/../../../../arm-none-eabi/lib/libc.a(lib_a-init.o)
 .comment       0x0000000000000000       0x26 /home/saeed/toolchain/gcc6/installNative/lib/gcc/arm-none-eabi/6.3.0/../../../../arm-none-eabi/lib/libc.a(lib_a-init.o)
 .debug_frame   0x0000000000000000       0x34 /home/saeed/toolchain/gcc6/installNative/lib/gcc/arm-none-eabi/6.3.0/../../../../arm-none-eabi/lib/libc.a(lib_a-init.o)
 .ARM.attributes
                0x0000000000000000       0x30 /home/saeed/toolchain/gcc6/installNative/lib/gcc/arm-none-eabi/6.3.0/../../../../arm-none-eabi/lib/libc.a(lib_a-init.o)
 .text          0x0000000000000000        0x0 /home/saeed/toolchain/gcc6/installNative/lib/gcc/arm-none-eabi/6.3.0/../../../../arm-none-eabi/lib/libc.a(lib_a-memset.o)
 .data          0x0000000000000000        0x0 /home/saeed/toolchain/gcc6/installNative/lib/gcc/arm-none-eabi/6.3.0/../../../../arm-none-eabi/lib/libc.a(lib_a-memset.o)
 .bss           0x0000000000000000        0x0 /home/saeed/toolchain/gcc6/installNative/lib/gcc/arm-none-eabi/6.3.0/../../../../arm-none-eabi/lib/libc.a(lib_a-memset.o)
 .text.memset   0x0000000000000000      0x114 /home/saeed/toolchain/gcc6/installNative/lib/gcc/arm-none-eabi/6.3.0/../../../../arm-none-eabi/lib/libc.a(lib_a-memset.o)
 .debug_info    0x0000000000000000      0xe2f /home/saeed/toolchain/gcc6/installNative/lib/gcc/arm-none-eabi/6.3.0/../../../../arm-none-eabi/lib/libc.a(lib_a-memset.o)
 .debug_abbrev  0x0000000000000000      0x1b1 /home/saeed/toolchain/gcc6/installNative/lib/gcc/arm-none-eabi/6.3.0/../../../../arm-none-eabi/lib/libc.a(lib_a-memset.o)
 .debug_loc     0x0000000000000000      0x223 /home/saeed/toolchain/gcc6/installNative/lib/gcc/arm-none-eabi/6.3.0/../../../../arm-none-eabi/lib/libc.a(lib_a-memset.o)
 .debug_aranges
                0x0000000000000000       0x20 /home/saeed/toolchain/gcc6/installNative/lib/gcc/arm-none-eabi/6.3.0/../../../../arm-none-eabi/lib/libc.a(lib_a-memset.o)
 .debug_ranges  0x0000000000000000       0x10 /home/saeed/toolchain/gcc6/installNative/lib/gcc/arm-none-eabi/6.3.0/../../../../arm-none-eabi/lib/libc.a(lib_a-memset.o)
 .debug_line    0x0000000000000000      0x26d /home/saeed/toolchain/gcc6/installNative/lib/gcc/arm-none-eabi/6.3.0/../../../../arm-none-eabi/lib/libc.a(lib_a-memset.o)
 .debug_str     0x0000000000000000      0x8e7 /home/saeed/toolchain/gcc6/installNative/lib/gcc/arm-none-eabi/6.3.0/../../../../arm-none-eabi/lib/libc.a(lib_a-memset.o)
 .comment       0x0000000000000000       0x26 /home/saeed/toolchain/gcc6/installNative/lib/gcc/arm-none-eabi/6.3.0/../../../../arm-none-eabi/lib/libc.a(lib_a-memset.o)
 .debug_frame   0x0000000000000000       0x30 /home/saeed/toolchain/gcc6/installNative/lib/gcc/arm-none-eabi/6.3.0/../../../../arm-none-eabi/lib/libc.a(lib_a-memset.o)
 .ARM.attributes
                0x0000000000000000       0x30 /home/saeed/toolchain/gcc6/installNative/lib/gcc/arm-none-eabi/6.3.0/../../../../arm-none-eabi/lib/libc.a(lib_a-memset.o)
 .text          0x0000000000000000        0x0 /home/saeed/toolchain/gcc6/installNative/lib/gcc/arm-none-eabi/6.3.0/../../../../arm-none-eabi/lib/libc.a(lib_a-__atexit.o)
 .data          0x0000000000000000        0x0 /home/saeed/toolchain/gcc6/installNative/lib/gcc/arm-none-eabi/6.3.0/../../../../arm-none-eabi/lib/libc.a(lib_a-__atexit.o)
 .bss           0x0000000000000000        0x0 /home/saeed/toolchain/gcc6/installNative/lib/gcc/arm-none-eabi/6.3.0/../../../../arm-none-eabi/lib/libc.a(lib_a-__atexit.o)
 .text.__register_exitproc
                0x0000000000000000       0xe0 /home/saeed/toolchain/gcc6/installNative/lib/gcc/arm-none-eabi/6.3.0/../../../../arm-none-eabi/lib/libc.a(lib_a-__atexit.o)
 .bss._global_atexit0
                0x0000000000000000       0x8c /home/saeed/toolchain/gcc6/installNative/lib/gcc/arm-none-eabi/6.3.0/../../../../arm-none-eabi/lib/libc.a(lib_a-__atexit.o)
 .debug_info    0x0000000000000000      0x99b /home/saeed/toolchain/gcc6/installNative/lib/gcc/arm-none-eabi/6.3.0/../../../../arm-none-eabi/lib/libc.a(lib_a-__atexit.o)
 .debug_abbrev  0x0000000000000000      0x1ff /home/saeed/toolchain/gcc6/installNative/lib/gcc/arm-none-eabi/6.3.0/../../../../arm-none-eabi/lib/libc.a(lib_a-__atexit.o)
 .debug_loc     0x0000000000000000      0x11d /home/saeed/toolchain/gcc6/installNative/lib/gcc/arm-none-eabi/6.3.0/../../../../arm-none-eabi/lib/libc.a(lib_a-__atexit.o)
 .debug_aranges
                0x0000000000000000       0x20 /home/saeed/toolchain/gcc6/installNative/lib/gcc/arm-none-eabi/6.3.0/../../../../arm-none-eabi/lib/libc.a(lib_a-__atexit.o)
 .debug_ranges  0x0000000000000000       0x10 /home/saeed/toolchain/gcc6/installNative/lib/gcc/arm-none-eabi/6.3.0/../../../../arm-none-eabi/lib/libc.a(lib_a-__atexit.o)
 .debug_line    0x0000000000000000      0x1de /home/saeed/toolchain/gcc6/installNative/lib/gcc/arm-none-eabi/6.3.0/../../../../arm-none-eabi/lib/libc.a(lib_a-__atexit.o)
 .debug_str     0x0000000000000000      0x628 /home/saeed/toolchain/gcc6/installNative/lib/gcc/arm-none-eabi/6.3.0/../../../../arm-none-eabi/lib/libc.a(lib_a-__atexit.o)
 .comment       0x0000000000000000       0x26 /home/saeed/toolchain/gcc6/installNative/lib/gcc/arm-none-eabi/6.3.0/../../../../arm-none-eabi/lib/libc.a(lib_a-__atexit.o)
 .debug_frame   0x0000000000000000       0x44 /home/saeed/toolchain/gcc6/installNative/lib/gcc/arm-none-eabi/6.3.0/../../../../arm-none-eabi/lib/libc.a(lib_a-__atexit.o)
 .ARM.attributes
                0x0000000000000000       0x30 /home/saeed/toolchain/gcc6/installNative/lib/gcc/arm-none-eabi/6.3.0/../../../../arm-none-eabi/lib/libc.a(lib_a-__atexit.o)
 .text          0x0000000000000000        0x0 /home/saeed/toolchain/gcc6/installNative/lib/gcc/arm-none-eabi/6.3.0/../../../../arm-none-eabi/lib/libc.a(lib_a-__call_atexit.o)
 .data          0x0000000000000000        0x0 /home/saeed/toolchain/gcc6/installNative/lib/gcc/arm-none-eabi/6.3.0/../../../../arm-none-eabi/lib/libc.a(lib_a-__call_atexit.o)
 .bss           0x0000000000000000        0x0 /home/saeed/toolchain/gcc6/installNative/lib/gcc/arm-none-eabi/6.3.0/../../../../arm-none-eabi/lib/libc.a(lib_a-__call_atexit.o)
 .text.__call_exitprocs
                0x0000000000000000      0x14c /home/saeed/toolchain/gcc6/installNative/lib/gcc/arm-none-eabi/6.3.0/../../../../arm-none-eabi/lib/libc.a(lib_a-__call_atexit.o)
 .bss._global_atexit
                0x0000000000000000        0x4 /home/saeed/toolchain/gcc6/installNative/lib/gcc/arm-none-eabi/6.3.0/../../../../arm-none-eabi/lib/libc.a(lib_a-__call_atexit.o)
 .data.__atexit_recursive_mutex
                0x0000000000000000        0x4 /home/saeed/toolchain/gcc6/installNative/lib/gcc/arm-none-eabi/6.3.0/../../../../arm-none-eabi/lib/libc.a(lib_a-__call_atexit.o)
 .debug_info    0x0000000000000000      0x9a8 /home/saeed/toolchain/gcc6/installNative/lib/gcc/arm-none-eabi/6.3.0/../../../../arm-none-eabi/lib/libc.a(lib_a-__call_atexit.o)
 .debug_abbrev  0x0000000000000000      0x21b /home/saeed/toolchain/gcc6/installNative/lib/gcc/arm-none-eabi/6.3.0/../../../../arm-none-eabi/lib/libc.a(lib_a-__call_atexit.o)
 .debug_loc     0x0000000000000000       0xf9 /home/saeed/toolchain/gcc6/installNative/lib/gcc/arm-none-eabi/6.3.0/../../../../arm-none-eabi/lib/libc.a(lib_a-__call_atexit.o)
 .debug_aranges
                0x0000000000000000       0x20 /home/saeed/toolchain/gcc6/installNative/lib/gcc/arm-none-eabi/6.3.0/../../../../arm-none-eabi/lib/libc.a(lib_a-__call_atexit.o)
 .debug_ranges  0x0000000000000000       0x28 /home/saeed/toolchain/gcc6/installNative/lib/gcc/arm-none-eabi/6.3.0/../../../../arm-none-eabi/lib/libc.a(lib_a-__call_atexit.o)
 .debug_line    0x0000000000000000      0x20f /home/saeed/toolchain/gcc6/installNative/lib/gcc/arm-none-eabi/6.3.0/../../../../arm-none-eabi/lib/libc.a(lib_a-__call_atexit.o)
 .debug_str     0x0000000000000000      0x609 /home/saeed/toolchain/gcc6/installNative/lib/gcc/arm-none-eabi/6.3.0/../../../../arm-none-eabi/lib/libc.a(lib_a-__call_atexit.o)
 .comment       0x0000000000000000       0x26 /home/saeed/toolchain/gcc6/installNative/lib/gcc/arm-none-eabi/6.3.0/../../../../arm-none-eabi/lib/libc.a(lib_a-__call_atexit.o)
 .debug_frame   0x0000000000000000       0x48 /home/saeed/toolchain/gcc6/installNative/lib/gcc/arm-none-eabi/6.3.0/../../../../arm-none-eabi/lib/libc.a(lib_a-__call_atexit.o)
 .ARM.attributes
                0x0000000000000000       0x30 /home/saeed/toolchain/gcc6/installNative/lib/gcc/arm-none-eabi/6.3.0/../../../../arm-none-eabi/lib/libc.a(lib_a-__call_atexit.o)
 .text          0x0000000000000000        0x0 /home/saeed/toolchain/gcc6/installNative/lib/gcc/arm-none-eabi/6.3.0/../../../../arm-none-eabi/lib/libc.a(lib_a-lock.o)
 .data          0x0000000000000000        0x0 /home/saeed/toolchain/gcc6/installNative/lib/gcc/arm-none-eabi/6.3.0/../../../../arm-none-eabi/lib/libc.a(lib_a-lock.o)
 .bss           0x0000000000000000        0x0 /home/saeed/toolchain/gcc6/installNative/lib/gcc/arm-none-eabi/6.3.0/../../../../arm-none-eabi/lib/libc.a(lib_a-lock.o)
 .text.__retarget_lock_init
                0x0000000000000000        0x4 /home/saeed/toolchain/gcc6/installNative/lib/gcc/arm-none-eabi/6.3.0/../../../../arm-none-eabi/lib/libc.a(lib_a-lock.o)
 .text.__retarget_lock_init_recursive
                0x0000000000000000        0x4 /home/saeed/toolchain/gcc6/installNative/lib/gcc/arm-none-eabi/6.3.0/../../../../arm-none-eabi/lib/libc.a(lib_a-lock.o)
 .text.__retarget_lock_close
                0x0000000000000000        0x4 /home/saeed/toolchain/gcc6/installNative/lib/gcc/arm-none-eabi/6.3.0/../../../../arm-none-eabi/lib/libc.a(lib_a-lock.o)
 .text.__retarget_lock_close_recursive
                0x0000000000000000        0x4 /home/saeed/toolchain/gcc6/installNative/lib/gcc/arm-none-eabi/6.3.0/../../../../arm-none-eabi/lib/libc.a(lib_a-lock.o)
 .text.__retarget_lock_acquire
                0x0000000000000000        0x4 /home/saeed/toolchain/gcc6/installNative/lib/gcc/arm-none-eabi/6.3.0/../../../../arm-none-eabi/lib/libc.a(lib_a-lock.o)
 .text.__retarget_lock_acquire_recursive
                0x0000000000000000        0x4 /home/saeed/toolchain/gcc6/installNative/lib/gcc/arm-none-eabi/6.3.0/../../../../arm-none-eabi/lib/libc.a(lib_a-lock.o)
 .text.__retarget_lock_try_acquire
                0x0000000000000000        0x8 /home/saeed/toolchain/gcc6/installNative/lib/gcc/arm-none-eabi/6.3.0/../../../../arm-none-eabi/lib/libc.a(lib_a-lock.o)
 .text.__retarget_lock_try_acquire_recursive
                0x0000000000000000        0x8 /home/saeed/toolchain/gcc6/installNative/lib/gcc/arm-none-eabi/6.3.0/../../../../arm-none-eabi/lib/libc.a(lib_a-lock.o)
 .text.__retarget_lock_release
                0x0000000000000000        0x4 /home/saeed/toolchain/gcc6/installNative/lib/gcc/arm-none-eabi/6.3.0/../../../../arm-none-eabi/lib/libc.a(lib_a-lock.o)
 .text.__retarget_lock_release_recursive
                0x0000000000000000        0x4 /home/saeed/toolchain/gcc6/installNative/lib/gcc/arm-none-eabi/6.3.0/../../../../arm-none-eabi/lib/libc.a(lib_a-lock.o)
 .debug_info    0x0000000000000000      0x21d /home/saeed/toolchain/gcc6/installNative/lib/gcc/arm-none-eabi/6.3.0/../../../../arm-none-eabi/lib/libc.a(lib_a-lock.o)
 .debug_abbrev  0x0000000000000000       0xfa /home/saeed/toolchain/gcc6/installNative/lib/gcc/arm-none-eabi/6.3.0/../../../../arm-none-eabi/lib/libc.a(lib_a-lock.o)
 .debug_loc     0x0000000000000000       0x21 /home/saeed/toolchain/gcc6/installNative/lib/gcc/arm-none-eabi/6.3.0/../../../../arm-none-eabi/lib/libc.a(lib_a-lock.o)
 .debug_aranges
                0x0000000000000000       0x28 /home/saeed/toolchain/gcc6/installNative/lib/gcc/arm-none-eabi/6.3.0/../../../../arm-none-eabi/lib/libc.a(lib_a-lock.o)
 .debug_ranges  0x0000000000000000       0x18 /home/saeed/toolchain/gcc6/installNative/lib/gcc/arm-none-eabi/6.3.0/../../../../arm-none-eabi/lib/libc.a(lib_a-lock.o)
 .debug_line    0x0000000000000000       0xed /home/saeed/toolchain/gcc6/installNative/lib/gcc/arm-none-eabi/6.3.0/../../../../arm-none-eabi/lib/libc.a(lib_a-lock.o)
 .debug_str     0x0000000000000000      0x2d0 /home/saeed/toolchain/gcc6/installNative/lib/gcc/arm-none-eabi/6.3.0/../../../../arm-none-eabi/lib/libc.a(lib_a-lock.o)
 .comment       0x0000000000000000       0x26 /home/saeed/toolchain/gcc6/installNative/lib/gcc/arm-none-eabi/6.3.0/../../../../arm-none-eabi/lib/libc.a(lib_a-lock.o)
 .debug_frame   0x0000000000000000       0xb0 /home/saeed/toolchain/gcc6/installNative/lib/gcc/arm-none-eabi/6.3.0/../../../../arm-none-eabi/lib/libc.a(lib_a-lock.o)
 .ARM.attributes
                0x0000000000000000       0x30 /home/saeed/toolchain/gcc6/installNative/lib/gcc/arm-none-eabi/6.3.0/../../../../arm-none-eabi/lib/libc.a(lib_a-lock.o)
 COMMON         0x0000000000000000       0x21 /home/saeed/toolchain/gcc6/installNative/lib/gcc/arm-none-eabi/6.3.0/../../../../arm-none-eabi/lib/libc.a(lib_a-lock.o)
 .text          0x0000000000000000        0x0 /home/saeed/toolchain/gcc6/installNative/lib/gcc/arm-none-eabi/6.3.0/crtend.o
 .data          0x0000000000000000        0x0 /home/saeed/toolchain/gcc6/installNative/lib/gcc/arm-none-eabi/6.3.0/crtend.o
 .bss           0x0000000000000000        0x0 /home/saeed/toolchain/gcc6/installNative/lib/gcc/arm-none-eabi/6.3.0/crtend.o
 .eh_frame      0x0000000000000000        0x4 /home/saeed/toolchain/gcc6/installNative/lib/gcc/arm-none-eabi/6.3.0/crtend.o
 .jcr           0x0000000000000000        0x4 /home/saeed/toolchain/gcc6/installNative/lib/gcc/arm-none-eabi/6.3.0/crtend.o
 .text          0x0000000000000000        0x0 /home/saeed/toolchain/gcc6/installNative/lib/gcc/arm-none-eabi/6.3.0/crtn.o
 .data          0x0000000000000000        0x0 /home/saeed/toolchain/gcc6/installNative/lib/gcc/arm-none-eabi/6.3.0/crtn.o
 .bss           0x0000000000000000        0x0 /home/saeed/toolchain/gcc6/installNative/lib/gcc/arm-none-eabi/6.3.0/crtn.o

Memory Configuration

Name             Origin             Length             Attributes
RAM              0x0000000020000000 0x0000000000020000 xrw
ROM              0x0000000008000000 0x0000000000080000 xr
*default*        0x0000000000000000 0xffffffffffffffff

Linker script and memory map

LOAD /home/saeed/toolchain/gcc6/installNative/lib/gcc/arm-none-eabi/6.3.0/crti.o
LOAD /home/saeed/toolchain/gcc6/installNative/lib/gcc/arm-none-eabi/6.3.0/crtbegin.o
LOAD /home/saeed/toolchain/gcc6/installNative/lib/gcc/arm-none-eabi/6.3.0/../../../../arm-none-eabi/lib/crt0.o
LOAD build/src/main.o
LOAD build/src/startup.o
LOAD build/uart/src/uart_init.o
LOAD build/system/src/system_init.o
LOAD build/cli/src/cli_communitcate.o
LOAD build/multi_task/src/context_switch.o
LOAD build/multi_task/src/task.o
START GROUP
LOAD /home/saeed/toolchain/gcc6/installNative/lib/gcc/arm-none-eabi/6.3.0/libgcc.a
LOAD /home/saeed/toolchain/gcc6/installNative/lib/gcc/arm-none-eabi/6.3.0/../../../../arm-none-eabi/lib/libc.a
END GROUP
LOAD /home/saeed/toolchain/gcc6/installNative/lib/gcc/arm-none-eabi/6.3.0/crtend.o
LOAD /home/saeed/toolchain/gcc6/installNative/lib/gcc/arm-none-eabi/6.3.0/crtn.o
                0x0000000020020000                _estack = 0x20020000
                0x0000000000000000                _Min_Heap_Size = 0x0
                0x0000000000000400                _Min_Stack_Size = 0x400

.isr_vector     0x0000000008000000      0x188
                0x0000000008000000                . = ALIGN (0x4)
 *(.isr_vector)
 .isr_vector    0x0000000008000000      0x188 build/src/startup.o
                0x0000000008000000                g_pfnVectors
                0x0000000008000188                . = ALIGN (0x4)

.text           0x0000000008000188      0x2f0
                0x0000000008000188                . = ALIGN (0x4)
 *(.text)
 .text          0x0000000008000188       0x12 build/multi_task/src/context_switch.o
                0x0000000008000188                activate
 *(.text*)
 *fill*         0x000000000800019a        0x2 
 .text.deregister_tm_clones
                0x000000000800019c       0x30 /home/saeed/toolchain/gcc6/installNative/lib/gcc/arm-none-eabi/6.3.0/crtbegin.o
 .text.register_tm_clones
                0x00000000080001cc       0x38 /home/saeed/toolchain/gcc6/installNative/lib/gcc/arm-none-eabi/6.3.0/crtbegin.o
 .text.__do_global_dtors_aux
                0x0000000008000204       0x44 /home/saeed/toolchain/gcc6/installNative/lib/gcc/arm-none-eabi/6.3.0/crtbegin.o
 .text.frame_dummy
                0x0000000008000248       0x5c /home/saeed/toolchain/gcc6/installNative/lib/gcc/arm-none-eabi/6.3.0/crtbegin.o
 .text.first    0x00000000080002a4       0x10 build/src/main.o
                0x00000000080002a4                first
 .text.main     0x00000000080002b4       0x40 build/src/main.o
                0x00000000080002b4                main
 .text.Reset_Handler
                0x00000000080002f4       0x40 build/src/startup.o
                0x00000000080002f4                Reset_Handler
 .text.InitUART
                0x0000000008000334       0x74 build/uart/src/uart_init.o
                0x0000000008000334                InitUART
 .text.initialize_core
                0x00000000080003a8        0xc build/system/src/system_init.o
                0x00000000080003a8                initialize_core
 .text.print    0x00000000080003b4       0x48 build/cli/src/cli_communitcate.o
                0x00000000080003b4                print
 .text.write_uart
                0x00000000080003fc       0x4c build/cli/src/cli_communitcate.o
                0x00000000080003fc                write_uart
 *(.glue_7)
 .glue_7        0x0000000008000448        0x0 linker stubs
 *(.glue_7t)
 .glue_7t       0x0000000008000448        0x0 linker stubs
 *(.eh_frame)
 .eh_frame      0x0000000008000448        0x0 /home/saeed/toolchain/gcc6/installNative/lib/gcc/arm-none-eabi/6.3.0/crtbegin.o
 *(.init)
 .init          0x0000000008000448        0xc /home/saeed/toolchain/gcc6/installNative/lib/gcc/arm-none-eabi/6.3.0/crti.o
                0x0000000008000448                _init
 .init          0x0000000008000454        0xc /home/saeed/toolchain/gcc6/installNative/lib/gcc/arm-none-eabi/6.3.0/crtn.o
 *(.fini)
 .fini          0x0000000008000460        0xc /home/saeed/toolchain/gcc6/installNative/lib/gcc/arm-none-eabi/6.3.0/crti.o
                0x0000000008000460                _fini
 .fini          0x000000000800046c        0xc /home/saeed/toolchain/gcc6/installNative/lib/gcc/arm-none-eabi/6.3.0/crtn.o
                0x0000000008000478                . = ALIGN (0x4)
                0x0000000008000478                _etext = .

.vfp11_veneer   0x0000000008000478        0x0
 .vfp11_veneer  0x0000000008000478        0x0 linker stubs

.v4_bx          0x0000000008000478        0x0
 .v4_bx         0x0000000008000478        0x0 linker stubs

.iplt           0x0000000008000478        0x0
 .iplt          0x0000000008000478        0x0 /home/saeed/toolchain/gcc6/installNative/lib/gcc/arm-none-eabi/6.3.0/crtbegin.o

.rodata         0x0000000008000478       0x14
                0x0000000008000478                . = ALIGN (0x4)
 *(.rodata)
 .rodata        0x0000000008000478       0x13 build/src/main.o
 *(.rodata*)
                0x000000000800048c                . = ALIGN (0x4)
 *fill*         0x000000000800048b        0x1 

.rel.dyn        0x000000000800048c        0x0
 .rel.iplt      0x000000000800048c        0x0 /home/saeed/toolchain/gcc6/installNative/lib/gcc/arm-none-eabi/6.3.0/crtbegin.o

.ARM.extab      0x000000000800048c        0x0
                0x000000000800048c                . = ALIGN (0x4)
 *(.ARM.extab* .gnu.linkonce.armextab.*)
                0x000000000800048c                . = ALIGN (0x4)

.ARM            0x000000000800048c        0x0
                0x000000000800048c                . = ALIGN (0x4)
                0x000000000800048c                __exidx_start = .
 *(.ARM.exidx*)
                0x000000000800048c                __exidx_end = .
                0x000000000800048c                . = ALIGN (0x4)

.preinit_array  0x000000000800048c        0x0
                0x000000000800048c                . = ALIGN (0x4)
                0x000000000800048c                PROVIDE (__preinit_array_start, .)
 *(.preinit_array*)
                0x000000000800048c                PROVIDE (__preinit_array_end, .)
                0x000000000800048c                . = ALIGN (0x4)

.init_array     0x000000000800048c        0x4
                0x000000000800048c                . = ALIGN (0x4)
                0x000000000800048c                PROVIDE (__init_array_start, .)
 *(SORT(.init_array.*))
 *(.init_array*)
 .init_array    0x000000000800048c        0x4 /home/saeed/toolchain/gcc6/installNative/lib/gcc/arm-none-eabi/6.3.0/crtbegin.o
                0x0000000008000490                PROVIDE (__init_array_end, .)
                0x0000000008000490                . = ALIGN (0x4)

.fini_array     0x0000000008000490        0x4
                0x0000000008000490                . = ALIGN (0x4)
                0x0000000008000490                PROVIDE (__fini_array_start, .)
 *(SORT(.fini_array.*))
 *(.fini_array*)
 .fini_array    0x0000000008000490        0x4 /home/saeed/toolchain/gcc6/installNative/lib/gcc/arm-none-eabi/6.3.0/crtbegin.o
                0x0000000008000494                PROVIDE (__fini_array_end, .)
                0x0000000008000494                . = ALIGN (0x4)
                0x0000000008000494                _sidata = LOADADDR (.data)

.data           0x0000000020000000        0x0 load address 0x0000000008000494
                0x0000000020000000                . = ALIGN (0x4)
                0x0000000020000000                _sdata = .
 *(.data)
 *(.data*)
                0x0000000020000000                . = ALIGN (0x4)
                0x0000000020000000                _edata = .

.jcr            0x0000000020000000        0x0 load address 0x0000000008000494
 .jcr           0x0000000020000000        0x0 /home/saeed/toolchain/gcc6/installNative/lib/gcc/arm-none-eabi/6.3.0/crtbegin.o

.tm_clone_table
                0x0000000020000000        0x0 load address 0x0000000008000494
 .tm_clone_table
                0x0000000020000000        0x0 /home/saeed/toolchain/gcc6/installNative/lib/gcc/arm-none-eabi/6.3.0/crtbegin.o
 .tm_clone_table
                0x0000000020000000        0x0 /home/saeed/toolchain/gcc6/installNative/lib/gcc/arm-none-eabi/6.3.0/crtend.o

.igot.plt       0x0000000020000000        0x0 load address 0x0000000008000494
 .igot.plt      0x0000000020000000        0x0 /home/saeed/toolchain/gcc6/installNative/lib/gcc/arm-none-eabi/6.3.0/crtbegin.o
                0x0000000020000000                . = ALIGN (0x4)

.bss            0x0000000020000000       0x1c load address 0x0000000008000494
                0x0000000020000000                _sbss = .
                0x0000000020000000                __bss_start__ = _sbss
 *(.bss)
 *(.bss*)
 .bss.completed.6499
                0x0000000020000000        0x1 /home/saeed/toolchain/gcc6/installNative/lib/gcc/arm-none-eabi/6.3.0/crtbegin.o
 *fill*         0x0000000020000001        0x3 
 .bss.object.6504
                0x0000000020000004       0x18 /home/saeed/toolchain/gcc6/installNative/lib/gcc/arm-none-eabi/6.3.0/crtbegin.o
 *(COMMON)
                0x000000002000001c                . = ALIGN (0x4)
                0x000000002000001c                _ebss = .
                0x000000002000001c                __bss_end__ = _ebss

._user_heap_stack
                0x000000002000001c      0x404 load address 0x0000000008000494
                0x0000000020000020                . = ALIGN (0x8)
 *fill*         0x000000002000001c        0x4 
                [!provide]                        PROVIDE (end, .)
                [!provide]                        PROVIDE (_end, .)
                0x0000000020000020                . = (. + _Min_Heap_Size)
                0x0000000020000420                . = (. + _Min_Stack_Size)
 *fill*         0x0000000020000020      0x400 
                0x0000000020000420                . = ALIGN (0x8)

/DISCARD/
 libc.a(*)
 libm.a(*)
 libgcc.a(*)

.ARM.attributes
                0x0000000000000000       0x35
 *(.ARM.attributes)
 .ARM.attributes
                0x0000000000000000       0x16 /home/saeed/toolchain/gcc6/installNative/lib/gcc/arm-none-eabi/6.3.0/crti.o
 .ARM.attributes
                0x0000000000000016       0x30 /home/saeed/toolchain/gcc6/installNative/lib/gcc/arm-none-eabi/6.3.0/crtbegin.o
 .ARM.attributes
                0x0000000000000046       0x33 build/src/main.o
 .ARM.attributes
                0x0000000000000079       0x25 build/src/startup.o
 .ARM.attributes
                0x000000000000009e       0x33 build/uart/src/uart_init.o
 .ARM.attributes
                0x00000000000000d1       0x33 build/system/src/system_init.o
 .ARM.attributes
                0x0000000000000104       0x33 build/cli/src/cli_communitcate.o
 .ARM.attributes
                0x0000000000000137       0x25 build/multi_task/src/context_switch.o
 .ARM.attributes
                0x000000000000015c       0x30 /home/saeed/toolchain/gcc6/installNative/lib/gcc/arm-none-eabi/6.3.0/crtend.o
 .ARM.attributes
                0x000000000000018c       0x18 /home/saeed/toolchain/gcc6/installNative/lib/gcc/arm-none-eabi/6.3.0/crtn.o
OUTPUT(build/kernel.elf elf32-littlearm)

.comment        0x0000000000000000       0x25
 .comment       0x0000000000000000       0x25 /home/saeed/toolchain/gcc6/installNative/lib/gcc/arm-none-eabi/6.3.0/crtbegin.o
                                         0x26 (size before relaxing)
 .comment       0x0000000000000025       0x26 build/src/main.o
 .comment       0x0000000000000025       0x26 build/uart/src/uart_init.o
 .comment       0x0000000000000025       0x26 build/system/src/system_init.o
 .comment       0x0000000000000025       0x26 build/cli/src/cli_communitcate.o
 .comment       0x0000000000000025       0x26 /home/saeed/toolchain/gcc6/installNative/lib/gcc/arm-none-eabi/6.3.0/crtend.o

.debug_info     0x0000000000000000     0x2455
 .debug_info    0x0000000000000000      0x90f build/src/main.o
 .debug_info    0x000000000000090f       0x63 build/src/startup.o
 .debug_info    0x0000000000000972      0x8ac build/uart/src/uart_init.o
 .debug_info    0x000000000000121e      0x8ac build/system/src/system_init.o
 .debug_info    0x0000000000001aca      0x916 build/cli/src/cli_communitcate.o
 .debug_info    0x00000000000023e0       0x75 build/multi_task/src/context_switch.o

.debug_abbrev   0x0000000000000000      0x619
 .debug_abbrev  0x0000000000000000      0x18e build/src/main.o
 .debug_abbrev  0x000000000000018e       0x14 build/src/startup.o
 .debug_abbrev  0x00000000000001a2      0x163 build/uart/src/uart_init.o
 .debug_abbrev  0x0000000000000305      0x163 build/system/src/system_init.o
 .debug_abbrev  0x0000000000000468      0x19d build/cli/src/cli_communitcate.o
 .debug_abbrev  0x0000000000000605       0x14 build/multi_task/src/context_switch.o

.debug_aranges  0x0000000000000000       0xd8
 .debug_aranges
                0x0000000000000000       0x28 build/src/main.o
 .debug_aranges
                0x0000000000000028       0x20 build/src/startup.o
 .debug_aranges
                0x0000000000000048       0x20 build/uart/src/uart_init.o
 .debug_aranges
                0x0000000000000068       0x20 build/system/src/system_init.o
 .debug_aranges
                0x0000000000000088       0x30 build/cli/src/cli_communitcate.o
 .debug_aranges
                0x00000000000000b8       0x20 build/multi_task/src/context_switch.o

.debug_ranges   0x0000000000000000       0x58
 .debug_ranges  0x0000000000000000       0x18 build/src/main.o
 .debug_ranges  0x0000000000000018       0x10 build/uart/src/uart_init.o
 .debug_ranges  0x0000000000000028       0x10 build/system/src/system_init.o
 .debug_ranges  0x0000000000000038       0x20 build/cli/src/cli_communitcate.o

.debug_macro    0x0000000000000000     0x2169
 .debug_macro   0x0000000000000000      0x234 build/src/main.o
 .debug_macro   0x0000000000000234      0x8c8 build/src/main.o
 .debug_macro   0x0000000000000afc       0x22 build/src/main.o
 .debug_macro   0x0000000000000b1e       0x22 build/src/main.o
 .debug_macro   0x0000000000000b40       0x40 build/src/main.o
 .debug_macro   0x0000000000000b80       0x8d build/src/main.o
 .debug_macro   0x0000000000000c0d       0x3c build/src/main.o
 .debug_macro   0x0000000000000c49       0x9c build/src/main.o
 .debug_macro   0x0000000000000ce5       0x16 build/src/main.o
 .debug_macro   0x0000000000000cfb       0x57 build/src/main.o
 .debug_macro   0x0000000000000d52       0x97 build/src/main.o
 .debug_macro   0x0000000000000de9      0x30d build/src/main.o
 .debug_macro   0x00000000000010f6       0xfd build/src/main.o
 .debug_macro   0x00000000000011f3       0x10 build/src/main.o
 .debug_macro   0x0000000000001203       0x58 build/src/main.o
 .debug_macro   0x000000000000125b       0x1f build/src/main.o
 .debug_macro   0x000000000000127a       0x43 build/src/main.o
 .debug_macro   0x00000000000012bd       0x20 build/src/main.o
 .debug_macro   0x00000000000012dd      0x1a3 build/src/main.o
 .debug_macro   0x0000000000001480       0x10 build/src/main.o
 .debug_macro   0x0000000000001490       0x6a build/src/main.o
 .debug_macro   0x00000000000014fa       0x1c build/src/main.o
 .debug_macro   0x0000000000001516       0x52 build/src/main.o
 .debug_macro   0x0000000000001568       0x40 build/src/main.o
 .debug_macro   0x00000000000015a8       0x10 build/src/main.o
 .debug_macro   0x00000000000015b8       0x40 build/src/main.o
 .debug_macro   0x00000000000015f8       0xd7 build/src/main.o
 .debug_macro   0x00000000000016cf       0x16 build/src/main.o
 .debug_macro   0x00000000000016e5      0x161 build/src/main.o
 .debug_macro   0x0000000000001846       0xef build/src/main.o
 .debug_macro   0x0000000000001935      0x1df build/src/main.o
 .debug_macro   0x0000000000001b14       0x10 build/src/main.o
 .debug_macro   0x0000000000001b24       0x16 build/src/main.o
 .debug_macro   0x0000000000001b3a       0x40 build/src/main.o
 .debug_macro   0x0000000000001b7a       0x22 build/src/main.o
 .debug_macro   0x0000000000001b9c       0x16 build/src/main.o
 .debug_macro   0x0000000000001bb2      0x1e5 build/uart/src/uart_init.o
 .debug_macro   0x0000000000001d97      0x1e9 build/system/src/system_init.o
 .debug_macro   0x0000000000001f80      0x1e9 build/cli/src/cli_communitcate.o

.debug_line     0x0000000000000000      0xfeb
 .debug_line    0x0000000000000000      0x403 build/src/main.o
 .debug_line    0x0000000000000403       0x59 build/src/startup.o
 .debug_line    0x000000000000045c      0x396 build/uart/src/uart_init.o
 .debug_line    0x00000000000007f2      0x3b5 build/system/src/system_init.o
 .debug_line    0x0000000000000ba7      0x3f1 build/cli/src/cli_communitcate.o
 .debug_line    0x0000000000000f98       0x53 build/multi_task/src/context_switch.o

.debug_str      0x0000000000000000     0x7b5f
 .debug_str     0x0000000000000000     0x7adb build/src/main.o
                                       0x7d3a (size before relaxing)
 .debug_str     0x0000000000007adb       0x1e build/uart/src/uart_init.o
                                       0x7cd5 (size before relaxing)
 .debug_str     0x0000000000007af9       0x29 build/system/src/system_init.o
                                       0x7ce0 (size before relaxing)
 .debug_str     0x0000000000007b22       0x3d build/cli/src/cli_communitcate.o
                                       0x7cfa (size before relaxing)

.debug_frame    0x0000000000000000      0x12c
 .debug_frame   0x0000000000000000       0x4c build/src/main.o
 .debug_frame   0x000000000000004c       0x30 build/uart/src/uart_init.o
 .debug_frame   0x000000000000007c       0x2c build/system/src/system_init.o
 .debug_frame   0x00000000000000a8       0x84 build/cli/src/cli_communitcate.o
